 
****************************************
Report : area
Design : processing_unit
Version: O-2018.06
Date   : Fri Dec 13 18:38:42 2019
****************************************

Library(s) Used:

    NanGate_15nm_OCL (File: /home/arkhadem/Downloads/Delta/DeltaNN/library/NanGate_15nm_OCL_typical_conditional_ccs.db)

Number of ports:                         2437
Number of nets:                         10849
Number of cells:                         8650
Number of combinational cells:           7791
Number of sequential cells:               726
Number of macros/black boxes:               0
Number of buf/inv:                       2171
Number of references:                      73

Combinational area:               2214.543397
Buf/Inv area:                      436.125704
Noncombinational area:             443.695095
Macro/Black Box area:                0.000000
Net Interconnect area:      undefined  (No wire load specified)

Total cell area:                  2658.238493
Total area:                 undefined

Hierarchical area distribution
------------------------------

                                  Global cell area          Local cell area
                                  ------------------  ---------------------------- 
Hierarchical cell                 Absolute   Percent  Combi-     Noncombi-  Black-
                                  Total      Total    national   national   boxes   Design
--------------------------------  ---------  -------  ---------  ---------  ------  ---------------------
processing_unit                   2658.2385    100.0   171.8354    29.3929  0.0000  processing_unit
PE_channel[0].PE_row[0].PE_column[0].PEs   31.8505     1.2    0.6390    0.0000 0.0000 processing_element_31
PE_channel[0].PE_row[0].PE_column[0].PEs/accumulator_inst   20.8404     0.8   15.7286    5.1118 0.0000 accumulator_31
PE_channel[0].PE_row[0].PE_column[0].PEs/mult_inst    4.1779     0.2    2.0152    2.1627 0.0000 multiplier_31
PE_channel[0].PE_row[0].PE_column[0].PEs/shift_inst    6.1932     0.2    3.7847    2.4084 0.0000 shifter_31
PE_channel[0].PE_row[0].PE_column[1].PEs   33.9640     1.3    0.6390    0.0000 0.0000 processing_element_30
PE_channel[0].PE_row[0].PE_column[1].PEs/accumulator_inst   22.9540     0.9   17.8422    5.1118 0.0000 accumulator_30
PE_channel[0].PE_row[0].PE_column[1].PEs/mult_inst    4.1779     0.2    2.0152    2.1627 0.0000 multiplier_30
PE_channel[0].PE_row[0].PE_column[1].PEs/shift_inst    6.1932     0.2    3.5881    2.6051 0.0000 shifter_30
PE_channel[0].PE_row[0].PE_column[2].PEs   32.0963     1.2    0.6390    0.0000 0.0000 processing_element_29
PE_channel[0].PE_row[0].PE_column[2].PEs/accumulator_inst   19.9066     0.7   14.7948    5.1118 0.0000 accumulator_29
PE_channel[0].PE_row[0].PE_column[2].PEs/mult_inst    4.1779     0.2    2.0152    2.1627 0.0000 multiplier_29
PE_channel[0].PE_row[0].PE_column[2].PEs/shift_inst    7.3728     0.3    5.0627    2.3101 0.0000 shifter_29
PE_channel[0].PE_row[0].PE_column[3].PEs   31.9980     1.2    0.6390    0.0000 0.0000 processing_element_28
PE_channel[0].PE_row[0].PE_column[3].PEs/accumulator_inst   18.8252     0.7   13.7134    5.1118 0.0000 accumulator_28
PE_channel[0].PE_row[0].PE_column[3].PEs/mult_inst    4.3745     0.2    2.2118    2.1627 0.0000 multiplier_28
PE_channel[0].PE_row[0].PE_column[3].PEs/shift_inst    8.1592     0.3    5.9474    2.2118 0.0000 shifter_28
PE_channel[0].PE_row[1].PE_column[0].PEs   35.1928     1.3    0.6390    0.0000 0.0000 processing_element_27
PE_channel[0].PE_row[1].PE_column[0].PEs/accumulator_inst   21.7252     0.8   16.6134    5.1118 0.0000 accumulator_27
PE_channel[0].PE_row[1].PE_column[0].PEs/mult_inst    4.1779     0.2    2.0152    2.1627 0.0000 multiplier_27
PE_channel[0].PE_row[1].PE_column[0].PEs/shift_inst    8.6508     0.3    5.9965    2.6542 0.0000 shifter_27
PE_channel[0].PE_row[1].PE_column[1].PEs   39.9606     1.5    0.6390    0.0000 0.0000 processing_element_26
PE_channel[0].PE_row[1].PE_column[1].PEs/accumulator_inst   26.1980     1.0   21.0862    5.1118 0.0000 accumulator_26
PE_channel[0].PE_row[1].PE_column[1].PEs/mult_inst    4.3745     0.2    2.2118    2.1627 0.0000 multiplier_26
PE_channel[0].PE_row[1].PE_column[1].PEs/shift_inst    8.7491     0.3    5.9474    2.8017 0.0000 shifter_26
PE_channel[0].PE_row[1].PE_column[2].PEs   33.4725     1.3    0.6390    0.0000 0.0000 processing_element_25
PE_channel[0].PE_row[1].PE_column[2].PEs/accumulator_inst   21.9709     0.8   16.8591    5.1118 0.0000 accumulator_25
PE_channel[0].PE_row[1].PE_column[2].PEs/mult_inst    4.1779     0.2    2.0152    2.1627 0.0000 multiplier_25
PE_channel[0].PE_row[1].PE_column[2].PEs/shift_inst    6.6847     0.3    4.2271    2.4576 0.0000 shifter_25
PE_channel[0].PE_row[1].PE_column[3].PEs   32.4895     1.2    0.6390    0.0000 0.0000 processing_element_24
PE_channel[0].PE_row[1].PE_column[3].PEs/accumulator_inst   20.6930     0.8   15.5812    5.1118 0.0000 accumulator_24
PE_channel[0].PE_row[1].PE_column[3].PEs/mult_inst    4.3745     0.2    2.2118    2.1627 0.0000 multiplier_24
PE_channel[0].PE_row[1].PE_column[3].PEs/shift_inst    6.7830     0.3    4.1779    2.6051 0.0000 shifter_24
PE_channel[0].PE_row[2].PE_column[0].PEs   33.1284     1.2    0.6390    0.0000 0.0000 processing_element_23
PE_channel[0].PE_row[2].PE_column[0].PEs/accumulator_inst   21.3811     0.8   16.2693    5.1118 0.0000 accumulator_23
PE_channel[0].PE_row[2].PE_column[0].PEs/mult_inst    4.1779     0.2    2.0152    2.1627 0.0000 multiplier_23
PE_channel[0].PE_row[2].PE_column[0].PEs/shift_inst    6.9304     0.3    4.3745    2.5559 0.0000 shifter_23
PE_channel[0].PE_row[2].PE_column[1].PEs   35.6352     1.3    0.6390    0.0000 0.0000 processing_element_22
PE_channel[0].PE_row[2].PE_column[1].PEs/accumulator_inst   22.7574     0.9   17.6456    5.1118 0.0000 accumulator_22
PE_channel[0].PE_row[2].PE_column[1].PEs/mult_inst    4.1779     0.2    2.0152    2.1627 0.0000 multiplier_22
PE_channel[0].PE_row[2].PE_column[1].PEs/shift_inst    8.0609     0.3    5.4559    2.6051 0.0000 shifter_22
PE_channel[0].PE_row[2].PE_column[2].PEs   35.2911     1.3    0.6390    0.0000 0.0000 processing_element_21
PE_channel[0].PE_row[2].PE_column[2].PEs/accumulator_inst   22.3150     0.8   17.2032    5.1118 0.0000 accumulator_21
PE_channel[0].PE_row[2].PE_column[2].PEs/mult_inst    4.1779     0.2    2.0152    2.1627 0.0000 multiplier_21
PE_channel[0].PE_row[2].PE_column[2].PEs/shift_inst    8.1592     0.3    5.5050    2.6542 0.0000 shifter_21
PE_channel[0].PE_row[2].PE_column[3].PEs   34.9962     1.3    0.6390    0.0000 0.0000 processing_element_20
PE_channel[0].PE_row[2].PE_column[3].PEs/accumulator_inst   20.5947     0.8   15.4829    5.1118 0.0000 accumulator_20
PE_channel[0].PE_row[2].PE_column[3].PEs/mult_inst    4.1779     0.2    2.0152    2.1627 0.0000 multiplier_20
PE_channel[0].PE_row[2].PE_column[3].PEs/shift_inst    9.5846     0.4    7.3236    2.2610 0.0000 shifter_20
PE_channel[0].PE_row[3].PE_column[0].PEs   28.3116     1.1    0.6390    0.0000 0.0000 processing_element_19
PE_channel[0].PE_row[3].PE_column[0].PEs/accumulator_inst   17.5473     0.7   12.4355    5.1118 0.0000 accumulator_19
PE_channel[0].PE_row[3].PE_column[0].PEs/mult_inst    4.1779     0.2    2.0152    2.1627 0.0000 multiplier_19
PE_channel[0].PE_row[3].PE_column[0].PEs/shift_inst    5.9474     0.2    3.6864    2.2610 0.0000 shifter_19
PE_channel[0].PE_row[3].PE_column[1].PEs   34.1606     1.3    0.6390    0.0000 0.0000 processing_element_18
PE_channel[0].PE_row[3].PE_column[1].PEs/accumulator_inst   22.4625     0.8   17.3507    5.1118 0.0000 accumulator_18
PE_channel[0].PE_row[3].PE_column[1].PEs/mult_inst    4.1779     0.2    2.0152    2.1627 0.0000 multiplier_18
PE_channel[0].PE_row[3].PE_column[1].PEs/shift_inst    6.8813     0.3    4.2762    2.6051 0.0000 shifter_18
PE_channel[0].PE_row[3].PE_column[2].PEs   31.4573     1.2    0.6390    0.0000 0.0000 processing_element_17
PE_channel[0].PE_row[3].PE_column[2].PEs/accumulator_inst   19.8574     0.7   14.7456    5.1118 0.0000 accumulator_17
PE_channel[0].PE_row[3].PE_column[2].PEs/mult_inst    4.1779     0.2    2.0152    2.1627 0.0000 multiplier_17
PE_channel[0].PE_row[3].PE_column[2].PEs/shift_inst    6.7830     0.3    4.3745    2.4084 0.0000 shifter_17
PE_channel[0].PE_row[3].PE_column[3].PEs   28.0658     1.1    0.6390    0.0000 0.0000 processing_element_16
PE_channel[0].PE_row[3].PE_column[3].PEs/accumulator_inst   17.6456     0.7   12.5338    5.1118 0.0000 accumulator_16
PE_channel[0].PE_row[3].PE_column[3].PEs/mult_inst    4.3745     0.2    2.2118    2.1627 0.0000 multiplier_16
PE_channel[0].PE_row[3].PE_column[3].PEs/shift_inst    5.4067     0.2    3.2440    2.1627 0.0000 shifter_16
PE_channel[1].PE_row[0].PE_column[0].PEs   27.5251     1.0    0.5898    0.0000 0.0000 processing_element_15
PE_channel[1].PE_row[0].PE_column[0].PEs/accumulator_inst   17.1540     0.6   12.0422    5.1118 0.0000 accumulator_15
PE_channel[1].PE_row[0].PE_column[0].PEs/mult_inst    4.3745     0.2    2.2118    2.1627 0.0000 multiplier_15
PE_channel[1].PE_row[0].PE_column[0].PEs/shift_inst    5.4067     0.2    3.2440    2.1627 0.0000 shifter_15
PE_channel[1].PE_row[0].PE_column[1].PEs   27.5251     1.0    0.5898    0.0000 0.0000 processing_element_14
PE_channel[1].PE_row[0].PE_column[1].PEs/accumulator_inst   17.1540     0.6   12.0422    5.1118 0.0000 accumulator_14
PE_channel[1].PE_row[0].PE_column[1].PEs/mult_inst    4.3745     0.2    2.2118    2.1627 0.0000 multiplier_14
PE_channel[1].PE_row[0].PE_column[1].PEs/shift_inst    5.4067     0.2    3.2440    2.1627 0.0000 shifter_14
PE_channel[1].PE_row[0].PE_column[2].PEs   27.5251     1.0    0.5898    0.0000 0.0000 processing_element_13
PE_channel[1].PE_row[0].PE_column[2].PEs/accumulator_inst   17.1540     0.6   12.0422    5.1118 0.0000 accumulator_13
PE_channel[1].PE_row[0].PE_column[2].PEs/mult_inst    4.3745     0.2    2.2118    2.1627 0.0000 multiplier_13
PE_channel[1].PE_row[0].PE_column[2].PEs/shift_inst    5.4067     0.2    3.2440    2.1627 0.0000 shifter_13
PE_channel[1].PE_row[0].PE_column[3].PEs   27.5251     1.0    0.5898    0.0000 0.0000 processing_element_12
PE_channel[1].PE_row[0].PE_column[3].PEs/accumulator_inst   17.1540     0.6   12.0422    5.1118 0.0000 accumulator_12
PE_channel[1].PE_row[0].PE_column[3].PEs/mult_inst    4.3745     0.2    2.2118    2.1627 0.0000 multiplier_12
PE_channel[1].PE_row[0].PE_column[3].PEs/shift_inst    5.4067     0.2    3.2440    2.1627 0.0000 shifter_12
PE_channel[1].PE_row[1].PE_column[0].PEs   27.5251     1.0    0.5898    0.0000 0.0000 processing_element_11
PE_channel[1].PE_row[1].PE_column[0].PEs/accumulator_inst   17.1540     0.6   12.0422    5.1118 0.0000 accumulator_11
PE_channel[1].PE_row[1].PE_column[0].PEs/mult_inst    4.3745     0.2    2.2118    2.1627 0.0000 multiplier_11
PE_channel[1].PE_row[1].PE_column[0].PEs/shift_inst    5.4067     0.2    3.2440    2.1627 0.0000 shifter_11
PE_channel[1].PE_row[1].PE_column[1].PEs   27.6726     1.0    0.5898    0.0000 0.0000 processing_element_10
PE_channel[1].PE_row[1].PE_column[1].PEs/accumulator_inst   17.3015     0.7   12.1897    5.1118 0.0000 accumulator_10
PE_channel[1].PE_row[1].PE_column[1].PEs/mult_inst    4.3745     0.2    2.2118    2.1627 0.0000 multiplier_10
PE_channel[1].PE_row[1].PE_column[1].PEs/shift_inst    5.4067     0.2    3.2440    2.1627 0.0000 shifter_10
PE_channel[1].PE_row[1].PE_column[2].PEs   28.0658     1.1    0.5898    0.0000 0.0000 processing_element_9
PE_channel[1].PE_row[1].PE_column[2].PEs/accumulator_inst   17.6947     0.7   12.5829    5.1118 0.0000 accumulator_9
PE_channel[1].PE_row[1].PE_column[2].PEs/mult_inst    4.3745     0.2    2.2118    2.1627 0.0000 multiplier_9
PE_channel[1].PE_row[1].PE_column[2].PEs/shift_inst    5.4067     0.2    3.2440    2.1627 0.0000 shifter_9
PE_channel[1].PE_row[1].PE_column[3].PEs   27.5251     1.0    0.5898    0.0000 0.0000 processing_element_8
PE_channel[1].PE_row[1].PE_column[3].PEs/accumulator_inst   17.1540     0.6   12.0422    5.1118 0.0000 accumulator_8
PE_channel[1].PE_row[1].PE_column[3].PEs/mult_inst    4.3745     0.2    2.2118    2.1627 0.0000 multiplier_8
PE_channel[1].PE_row[1].PE_column[3].PEs/shift_inst    5.4067     0.2    3.2440    2.1627 0.0000 shifter_8
PE_channel[1].PE_row[2].PE_column[0].PEs   27.6726     1.0    0.5898    0.0000 0.0000 processing_element_7
PE_channel[1].PE_row[2].PE_column[0].PEs/accumulator_inst   17.3015     0.7   12.1897    5.1118 0.0000 accumulator_7
PE_channel[1].PE_row[2].PE_column[0].PEs/mult_inst    4.3745     0.2    2.2118    2.1627 0.0000 multiplier_7
PE_channel[1].PE_row[2].PE_column[0].PEs/shift_inst    5.4067     0.2    3.2440    2.1627 0.0000 shifter_7
PE_channel[1].PE_row[2].PE_column[1].PEs   27.9183     1.1    0.5898    0.0000 0.0000 processing_element_6
PE_channel[1].PE_row[2].PE_column[1].PEs/accumulator_inst   17.4981     0.7   12.3863    5.1118 0.0000 accumulator_6
PE_channel[1].PE_row[2].PE_column[1].PEs/mult_inst    4.3745     0.2    2.2118    2.1627 0.0000 multiplier_6
PE_channel[1].PE_row[2].PE_column[1].PEs/shift_inst    5.4559     0.2    3.2932    2.1627 0.0000 shifter_6
PE_channel[1].PE_row[2].PE_column[2].PEs   27.6726     1.0    0.5898    0.0000 0.0000 processing_element_5
PE_channel[1].PE_row[2].PE_column[2].PEs/accumulator_inst   17.3015     0.7   12.1897    5.1118 0.0000 accumulator_5
PE_channel[1].PE_row[2].PE_column[2].PEs/mult_inst    4.3745     0.2    2.2118    2.1627 0.0000 multiplier_5
PE_channel[1].PE_row[2].PE_column[2].PEs/shift_inst    5.4067     0.2    3.2440    2.1627 0.0000 shifter_5
PE_channel[1].PE_row[2].PE_column[3].PEs   27.5251     1.0    0.5898    0.0000 0.0000 processing_element_4
PE_channel[1].PE_row[2].PE_column[3].PEs/accumulator_inst   17.1540     0.6   12.0422    5.1118 0.0000 accumulator_4
PE_channel[1].PE_row[2].PE_column[3].PEs/mult_inst    4.3745     0.2    2.2118    2.1627 0.0000 multiplier_4
PE_channel[1].PE_row[2].PE_column[3].PEs/shift_inst    5.4067     0.2    3.2440    2.1627 0.0000 shifter_4
PE_channel[1].PE_row[3].PE_column[0].PEs   27.3777     1.0    0.5898    0.0000 0.0000 processing_element_3
PE_channel[1].PE_row[3].PE_column[0].PEs/accumulator_inst   17.0066     0.6   11.8948    5.1118 0.0000 accumulator_3
PE_channel[1].PE_row[3].PE_column[0].PEs/mult_inst    4.3745     0.2    2.2118    2.1627 0.0000 multiplier_3
PE_channel[1].PE_row[3].PE_column[0].PEs/shift_inst    5.4067     0.2    3.2440    2.1627 0.0000 shifter_3
PE_channel[1].PE_row[3].PE_column[1].PEs   27.5251     1.0    0.5898    0.0000 0.0000 processing_element_2
PE_channel[1].PE_row[3].PE_column[1].PEs/accumulator_inst   17.1540     0.6   12.0422    5.1118 0.0000 accumulator_2
PE_channel[1].PE_row[3].PE_column[1].PEs/mult_inst    4.3745     0.2    2.2118    2.1627 0.0000 multiplier_2
PE_channel[1].PE_row[3].PE_column[1].PEs/shift_inst    5.4067     0.2    3.2440    2.1627 0.0000 shifter_2
PE_channel[1].PE_row[3].PE_column[2].PEs   27.9675     1.1    0.5898    0.0000 0.0000 processing_element_1
PE_channel[1].PE_row[3].PE_column[2].PEs/accumulator_inst   17.3507     0.7   12.2388    5.1118 0.0000 accumulator_1
PE_channel[1].PE_row[3].PE_column[2].PEs/mult_inst    4.6203     0.2    2.4576    2.1627 0.0000 multiplier_1
PE_channel[1].PE_row[3].PE_column[2].PEs/shift_inst    5.4067     0.2    3.2440    2.1627 0.0000 shifter_1
PE_channel[1].PE_row[3].PE_column[3].PEs   26.1489     1.0    0.5898    0.0000 0.0000 processing_element_0
PE_channel[1].PE_row[3].PE_column[3].PEs/accumulator_inst   16.4659     0.6   11.3541    5.1118 0.0000 accumulator_0
PE_channel[1].PE_row[3].PE_column[3].PEs/mult_inst    4.6203     0.2    2.4576    2.1627 0.0000 multiplier_0
PE_channel[1].PE_row[3].PE_column[3].PEs/shift_inst    4.4728     0.2    2.3101    2.1627 0.0000 shifter_0
delta_down_channel[0].delta_down_counter_inst   13.1236     0.5    9.2897    3.8339 0.0000 delta_down_counter_1
delta_down_channel[1].delta_down_counter_inst   12.0422     0.5    8.2084    3.8339 0.0000 delta_down_counter_0
index_down_channel[0].index_down_counter_inst   10.8134     0.4    6.9796    3.8339 0.0000 index_down_counter_1
index_down_channel[1].index_down_counter_inst   10.8134     0.4    6.9796    3.8339 0.0000 index_down_counter_0
output_buffer_inst                1437.4503     54.1  1345.4377    92.0125  0.0000  output_buffer
--------------------------------  ---------  -------  ---------  ---------  ------  ---------------------
Total                                                 2214.5434   443.6951  0.0000

1
