 
****************************************
Report : area
Design : processing_unit
Version: O-2018.06
Date   : Thu Dec  5 23:57:54 2019
****************************************

Library(s) Used:

    NanGate_15nm_OCL (File: /afs/umich.edu/user/a/r/arkhadem/Downloads/Delta/DeltaNN/library/NanGate_15nm_OCL_typical_conditional_ccs.db)

Number of ports:                        10267
Number of nets:                         28229
Number of cells:                        18297
Number of combinational cells:          15612
Number of sequential cells:              2390
Number of macros/black boxes:               0
Number of buf/inv:                       3537
Number of references:                      85

Combinational area:               4827.119674
Buf/Inv area:                      603.439114
Noncombinational area:            1362.493411
Macro/Black Box area:                0.000000
Net Interconnect area:      undefined  (No wire load specified)

Total cell area:                  6189.613084
Total area:                 undefined

Hierarchical area distribution
------------------------------

                                  Global cell area          Local cell area
                                  ------------------  ---------------------------- 
Hierarchical cell                 Absolute   Percent  Combi-     Noncombi-  Black-
                                  Total      Total    national   national   boxes   Design
--------------------------------  ---------  -------  ---------  ---------  ------  -------------------------
processing_unit                   6189.6131    100.0   622.4118    58.7858  0.0000  processing_unit
PE_channel[0].PE_row[0].PE_column[0].PEs   75.6941     1.2    0.6390    0.0000 0.0000 processing_element_47
PE_channel[0].PE_row[0].PE_column[0].PEs/accumulator_inst   35.7827     0.6   13.6151   10.2236 0.0000 accumulator_47
PE_channel[0].PE_row[0].PE_column[0].PEs/accumulator_inst/add_22   11.9439     0.2   11.9439    0.0000 0.0000 accumulator_47_DW01_add_2
PE_channel[0].PE_row[0].PE_column[0].PEs/mult_inst   23.6421     0.4    0.0000    4.3254 0.0000 multiplier_47
PE_channel[0].PE_row[0].PE_column[0].PEs/mult_inst/mult_16   19.3167     0.3   19.3167    0.0000 0.0000 multiplier_47_DW02_mult_0
PE_channel[0].PE_row[0].PE_column[0].PEs/shift_inst   15.6303     0.3   11.3050    4.3254 0.0000 shifter_47
PE_channel[0].PE_row[0].PE_column[1].PEs   76.2839     1.2    0.6390    0.0000 0.0000 processing_element_46
PE_channel[0].PE_row[0].PE_column[1].PEs/accumulator_inst   36.3233     0.6   13.6151   10.2236 0.0000 accumulator_46
PE_channel[0].PE_row[0].PE_column[1].PEs/accumulator_inst/add_22   12.4846     0.2   12.4846    0.0000 0.0000 accumulator_46_DW01_add_2
PE_channel[0].PE_row[0].PE_column[1].PEs/mult_inst   23.6913     0.4    0.0000    4.3254 0.0000 multiplier_46
PE_channel[0].PE_row[0].PE_column[1].PEs/mult_inst/mult_16   19.3659     0.3   19.3659    0.0000 0.0000 multiplier_46_DW02_mult_0
PE_channel[0].PE_row[0].PE_column[1].PEs/shift_inst   15.6303     0.3   11.3050    4.3254 0.0000 shifter_46
PE_channel[0].PE_row[0].PE_column[2].PEs   71.3196     1.2    0.5898    0.0000 0.0000 processing_element_45
PE_channel[0].PE_row[0].PE_column[2].PEs/accumulator_inst   31.8996     0.5   12.4846   10.2236 0.0000 accumulator_45
PE_channel[0].PE_row[0].PE_column[2].PEs/accumulator_inst/add_22    9.1914     0.1    9.1914    0.0000 0.0000 accumulator_45_DW01_add_0
PE_channel[0].PE_row[0].PE_column[2].PEs/mult_inst   23.3472     0.4    0.0000    4.3254 0.0000 multiplier_45
PE_channel[0].PE_row[0].PE_column[2].PEs/mult_inst/mult_16   19.0218     0.3   19.0218    0.0000 0.0000 multiplier_45_DW02_mult_0
PE_channel[0].PE_row[0].PE_column[2].PEs/shift_inst   15.4829     0.3   11.1575    4.3254 0.0000 shifter_45
PE_channel[0].PE_row[0].PE_column[3].PEs   71.3196     1.2    0.5898    0.0000 0.0000 processing_element_44
PE_channel[0].PE_row[0].PE_column[3].PEs/accumulator_inst   31.8996     0.5   12.4846   10.2236 0.0000 accumulator_44
PE_channel[0].PE_row[0].PE_column[3].PEs/accumulator_inst/add_22    9.1914     0.1    9.1914    0.0000 0.0000 accumulator_44_DW01_add_0
PE_channel[0].PE_row[0].PE_column[3].PEs/mult_inst   23.3472     0.4    0.0000    4.3254 0.0000 multiplier_44
PE_channel[0].PE_row[0].PE_column[3].PEs/mult_inst/mult_16   19.0218     0.3   19.0218    0.0000 0.0000 multiplier_44_DW02_mult_0
PE_channel[0].PE_row[0].PE_column[3].PEs/shift_inst   15.4829     0.3   11.1575    4.3254 0.0000 shifter_44
PE_channel[0].PE_row[1].PE_column[0].PEs   72.2534     1.2    0.6390    0.0000 0.0000 processing_element_43
PE_channel[0].PE_row[1].PE_column[0].PEs/accumulator_inst   31.9980     0.5   12.5829   10.2236 0.0000 accumulator_43
PE_channel[0].PE_row[1].PE_column[0].PEs/accumulator_inst/add_22    9.1914     0.1    9.1914    0.0000 0.0000 accumulator_43_DW01_add_0
PE_channel[0].PE_row[1].PE_column[0].PEs/mult_inst   23.3472     0.4    0.0000    4.3254 0.0000 multiplier_43
PE_channel[0].PE_row[1].PE_column[0].PEs/mult_inst/mult_16   19.0218     0.3   19.0218    0.0000 0.0000 multiplier_43_DW02_mult_0
PE_channel[0].PE_row[1].PE_column[0].PEs/shift_inst   16.2693     0.3   11.8948    4.3745 0.0000 shifter_43
PE_channel[0].PE_row[1].PE_column[1].PEs   74.0229     1.2    0.6390    0.0000 0.0000 processing_element_42
PE_channel[0].PE_row[1].PE_column[1].PEs/accumulator_inst   32.8335     0.5   13.4185   10.2236 0.0000 accumulator_42
PE_channel[0].PE_row[1].PE_column[1].PEs/accumulator_inst/add_22    9.1914     0.1    9.1914    0.0000 0.0000 accumulator_42_DW01_add_0
PE_channel[0].PE_row[1].PE_column[1].PEs/mult_inst   23.6913     0.4    0.0000    4.3254 0.0000 multiplier_42
PE_channel[0].PE_row[1].PE_column[1].PEs/mult_inst/mult_16   19.3659     0.3   19.3659    0.0000 0.0000 multiplier_42_DW02_mult_0
PE_channel[0].PE_row[1].PE_column[1].PEs/shift_inst   16.8591     0.3   12.1405    4.7186 0.0000 shifter_42
PE_channel[0].PE_row[1].PE_column[2].PEs   71.6636     1.2    0.5898    0.0000 0.0000 processing_element_41
PE_channel[0].PE_row[1].PE_column[2].PEs/accumulator_inst   31.9980     0.5   12.5829   10.2236 0.0000 accumulator_41
PE_channel[0].PE_row[1].PE_column[2].PEs/accumulator_inst/add_22    9.1914     0.1    9.1914    0.0000 0.0000 accumulator_41_DW01_add_0
PE_channel[0].PE_row[1].PE_column[2].PEs/mult_inst   23.3472     0.4    0.0000    4.3254 0.0000 multiplier_41
PE_channel[0].PE_row[1].PE_column[2].PEs/mult_inst/mult_16   19.0218     0.3   19.0218    0.0000 0.0000 multiplier_41_DW02_mult_0
PE_channel[0].PE_row[1].PE_column[2].PEs/shift_inst   15.7286     0.3   11.4033    4.3254 0.0000 shifter_41
PE_channel[0].PE_row[1].PE_column[3].PEs   71.3196     1.2    0.5898    0.0000 0.0000 processing_element_40
PE_channel[0].PE_row[1].PE_column[3].PEs/accumulator_inst   31.8996     0.5   12.4846   10.2236 0.0000 accumulator_40
PE_channel[0].PE_row[1].PE_column[3].PEs/accumulator_inst/add_22    9.1914     0.1    9.1914    0.0000 0.0000 accumulator_40_DW01_add_0
PE_channel[0].PE_row[1].PE_column[3].PEs/mult_inst   23.3472     0.4    0.0000    4.3254 0.0000 multiplier_40
PE_channel[0].PE_row[1].PE_column[3].PEs/mult_inst/mult_16   19.0218     0.3   19.0218    0.0000 0.0000 multiplier_40_DW02_mult_0
PE_channel[0].PE_row[1].PE_column[3].PEs/shift_inst   15.4829     0.3   11.1575    4.3254 0.0000 shifter_40
PE_channel[0].PE_row[2].PE_column[0].PEs   73.2856     1.2    0.6390    0.0000 0.0000 processing_element_39
PE_channel[0].PE_row[2].PE_column[0].PEs/accumulator_inst   32.2437     0.5   12.8287   10.2236 0.0000 accumulator_39
PE_channel[0].PE_row[2].PE_column[0].PEs/accumulator_inst/add_22    9.1914     0.1    9.1914    0.0000 0.0000 accumulator_39_DW01_add_0
PE_channel[0].PE_row[2].PE_column[0].PEs/mult_inst   23.3472     0.4    0.0000    4.3254 0.0000 multiplier_39
PE_channel[0].PE_row[2].PE_column[0].PEs/mult_inst/mult_16   19.0218     0.3   19.0218    0.0000 0.0000 multiplier_39_DW02_mult_0
PE_channel[0].PE_row[2].PE_column[0].PEs/shift_inst   17.0557     0.3   12.4846    4.5711 0.0000 shifter_39
PE_channel[0].PE_row[2].PE_column[1].PEs   73.4331     1.2    0.6881    0.0000 0.0000 processing_element_38
PE_channel[0].PE_row[2].PE_column[1].PEs/accumulator_inst   32.3420     0.5   12.8287   10.2236 0.0000 accumulator_38
PE_channel[0].PE_row[2].PE_column[1].PEs/accumulator_inst/add_22    9.2897     0.2    9.2897    0.0000 0.0000 accumulator_38_DW01_add_0
PE_channel[0].PE_row[2].PE_column[1].PEs/mult_inst   23.4455     0.4    0.0000    4.3254 0.0000 multiplier_38
PE_channel[0].PE_row[2].PE_column[1].PEs/mult_inst/mult_16   19.1201     0.3   19.1201    0.0000 0.0000 multiplier_38_DW02_mult_0
PE_channel[0].PE_row[2].PE_column[1].PEs/shift_inst   16.9574     0.3   11.9439    5.0135 0.0000 shifter_38
PE_channel[0].PE_row[2].PE_column[2].PEs   71.3196     1.2    0.5898    0.0000 0.0000 processing_element_37
PE_channel[0].PE_row[2].PE_column[2].PEs/accumulator_inst   31.8996     0.5   12.4846   10.2236 0.0000 accumulator_37
PE_channel[0].PE_row[2].PE_column[2].PEs/accumulator_inst/add_22    9.1914     0.1    9.1914    0.0000 0.0000 accumulator_37_DW01_add_0
PE_channel[0].PE_row[2].PE_column[2].PEs/mult_inst   23.3472     0.4    0.0000    4.3254 0.0000 multiplier_37
PE_channel[0].PE_row[2].PE_column[2].PEs/mult_inst/mult_16   19.0218     0.3   19.0218    0.0000 0.0000 multiplier_37_DW02_mult_0
PE_channel[0].PE_row[2].PE_column[2].PEs/shift_inst   15.4829     0.3   11.1575    4.3254 0.0000 shifter_37
PE_channel[0].PE_row[2].PE_column[3].PEs   71.1721     1.1    0.5898    0.0000 0.0000 processing_element_36
PE_channel[0].PE_row[2].PE_column[3].PEs/accumulator_inst   31.7522     0.5   12.3372   10.2236 0.0000 accumulator_36
PE_channel[0].PE_row[2].PE_column[3].PEs/accumulator_inst/add_22    9.1914     0.1    9.1914    0.0000 0.0000 accumulator_36_DW01_add_0
PE_channel[0].PE_row[2].PE_column[3].PEs/mult_inst   23.3472     0.4    0.0000    4.3254 0.0000 multiplier_36
PE_channel[0].PE_row[2].PE_column[3].PEs/mult_inst/mult_16   19.0218     0.3   19.0218    0.0000 0.0000 multiplier_36_DW02_mult_0
PE_channel[0].PE_row[2].PE_column[3].PEs/shift_inst   15.4829     0.3   11.1575    4.3254 0.0000 shifter_36
PE_channel[0].PE_row[3].PE_column[0].PEs   72.3026     1.2    0.6390    0.0000 0.0000 processing_element_35
PE_channel[0].PE_row[3].PE_column[0].PEs/accumulator_inst   31.8996     0.5   12.4846   10.2236 0.0000 accumulator_35
PE_channel[0].PE_row[3].PE_column[0].PEs/accumulator_inst/add_22    9.1914     0.1    9.1914    0.0000 0.0000 accumulator_35_DW01_add_0
PE_channel[0].PE_row[3].PE_column[0].PEs/mult_inst   23.3472     0.4    0.0000    4.3254 0.0000 multiplier_35
PE_channel[0].PE_row[3].PE_column[0].PEs/mult_inst/mult_16   19.0218     0.3   19.0218    0.0000 0.0000 multiplier_35_DW02_mult_0
PE_channel[0].PE_row[3].PE_column[0].PEs/shift_inst   16.4168     0.3   11.6982    4.7186 0.0000 shifter_35
PE_channel[0].PE_row[3].PE_column[1].PEs   72.4009     1.2    0.6390    0.0000 0.0000 processing_element_34
PE_channel[0].PE_row[3].PE_column[1].PEs/accumulator_inst   32.2437     0.5   12.8287   10.2236 0.0000 accumulator_34
PE_channel[0].PE_row[3].PE_column[1].PEs/accumulator_inst/add_22    9.1914     0.1    9.1914    0.0000 0.0000 accumulator_34_DW01_add_0
PE_channel[0].PE_row[3].PE_column[1].PEs/mult_inst   23.3472     0.4    0.0000    4.3254 0.0000 multiplier_34
PE_channel[0].PE_row[3].PE_column[1].PEs/mult_inst/mult_16   19.0218     0.3   19.0218    0.0000 0.0000 multiplier_34_DW02_mult_0
PE_channel[0].PE_row[3].PE_column[1].PEs/shift_inst   16.1710     0.3   11.6490    4.5220 0.0000 shifter_34
PE_channel[0].PE_row[3].PE_column[2].PEs   71.1721     1.1    0.5898    0.0000 0.0000 processing_element_33
PE_channel[0].PE_row[3].PE_column[2].PEs/accumulator_inst   31.7522     0.5   12.3372   10.2236 0.0000 accumulator_33
PE_channel[0].PE_row[3].PE_column[2].PEs/accumulator_inst/add_22    9.1914     0.1    9.1914    0.0000 0.0000 accumulator_33_DW01_add_0
PE_channel[0].PE_row[3].PE_column[2].PEs/mult_inst   23.3472     0.4    0.0000    4.3254 0.0000 multiplier_33
PE_channel[0].PE_row[3].PE_column[2].PEs/mult_inst/mult_16   19.0218     0.3   19.0218    0.0000 0.0000 multiplier_33_DW02_mult_0
PE_channel[0].PE_row[3].PE_column[2].PEs/shift_inst   15.4829     0.3   11.1575    4.3254 0.0000 shifter_33
PE_channel[0].PE_row[3].PE_column[3].PEs   71.1721     1.1    0.5898    0.0000 0.0000 processing_element_32
PE_channel[0].PE_row[3].PE_column[3].PEs/accumulator_inst   31.7522     0.5   12.3372   10.2236 0.0000 accumulator_32
PE_channel[0].PE_row[3].PE_column[3].PEs/accumulator_inst/add_22    9.1914     0.1    9.1914    0.0000 0.0000 accumulator_32_DW01_add_0
PE_channel[0].PE_row[3].PE_column[3].PEs/mult_inst   23.3472     0.4    0.0000    4.3254 0.0000 multiplier_32
PE_channel[0].PE_row[3].PE_column[3].PEs/mult_inst/mult_16   19.0218     0.3   19.0218    0.0000 0.0000 multiplier_32_DW02_mult_0
PE_channel[0].PE_row[3].PE_column[3].PEs/shift_inst   15.4829     0.3   11.1575    4.3254 0.0000 shifter_32
PE_channel[1].PE_row[0].PE_column[0].PEs   71.3687     1.2    0.6390    0.0000 0.0000 processing_element_31
PE_channel[1].PE_row[0].PE_column[0].PEs/accumulator_inst   31.8996     0.5   12.4846   10.2236 0.0000 accumulator_31
PE_channel[1].PE_row[0].PE_column[0].PEs/accumulator_inst/add_22    9.1914     0.1    9.1914    0.0000 0.0000 accumulator_31_DW01_add_0
PE_channel[1].PE_row[0].PE_column[0].PEs/mult_inst   23.3472     0.4    0.0000    4.3254 0.0000 multiplier_31
PE_channel[1].PE_row[0].PE_column[0].PEs/mult_inst/mult_16   19.0218     0.3   19.0218    0.0000 0.0000 multiplier_31_DW02_mult_0
PE_channel[1].PE_row[0].PE_column[0].PEs/shift_inst   15.4829     0.3   11.1575    4.3254 0.0000 shifter_31
PE_channel[1].PE_row[0].PE_column[1].PEs   71.5162     1.2    0.6390    0.0000 0.0000 processing_element_30
PE_channel[1].PE_row[0].PE_column[1].PEs/accumulator_inst   31.8996     0.5   12.4846   10.2236 0.0000 accumulator_30
PE_channel[1].PE_row[0].PE_column[1].PEs/accumulator_inst/add_22    9.1914     0.1    9.1914    0.0000 0.0000 accumulator_30_DW01_add_0
PE_channel[1].PE_row[0].PE_column[1].PEs/mult_inst   23.3472     0.4    0.0000    4.3254 0.0000 multiplier_30
PE_channel[1].PE_row[0].PE_column[1].PEs/mult_inst/mult_16   19.0218     0.3   19.0218    0.0000 0.0000 multiplier_30_DW02_mult_0
PE_channel[1].PE_row[0].PE_column[1].PEs/shift_inst   15.6303     0.3   11.2558    4.3745 0.0000 shifter_30
PE_channel[1].PE_row[0].PE_column[2].PEs   71.3196     1.2    0.5898    0.0000 0.0000 processing_element_29
PE_channel[1].PE_row[0].PE_column[2].PEs/accumulator_inst   31.8996     0.5   12.4846   10.2236 0.0000 accumulator_29
PE_channel[1].PE_row[0].PE_column[2].PEs/accumulator_inst/add_22    9.1914     0.1    9.1914    0.0000 0.0000 accumulator_29_DW01_add_0
PE_channel[1].PE_row[0].PE_column[2].PEs/mult_inst   23.3472     0.4    0.0000    4.3254 0.0000 multiplier_29
PE_channel[1].PE_row[0].PE_column[2].PEs/mult_inst/mult_16   19.0218     0.3   19.0218    0.0000 0.0000 multiplier_29_DW02_mult_0
PE_channel[1].PE_row[0].PE_column[2].PEs/shift_inst   15.4829     0.3   11.1575    4.3254 0.0000 shifter_29
PE_channel[1].PE_row[0].PE_column[3].PEs   71.3196     1.2    0.5898    0.0000 0.0000 processing_element_28
PE_channel[1].PE_row[0].PE_column[3].PEs/accumulator_inst   31.8996     0.5   12.4846   10.2236 0.0000 accumulator_28
PE_channel[1].PE_row[0].PE_column[3].PEs/accumulator_inst/add_22    9.1914     0.1    9.1914    0.0000 0.0000 accumulator_28_DW01_add_0
PE_channel[1].PE_row[0].PE_column[3].PEs/mult_inst   23.3472     0.4    0.0000    4.3254 0.0000 multiplier_28
PE_channel[1].PE_row[0].PE_column[3].PEs/mult_inst/mult_16   19.0218     0.3   19.0218    0.0000 0.0000 multiplier_28_DW02_mult_0
PE_channel[1].PE_row[0].PE_column[3].PEs/shift_inst   15.4829     0.3   11.1575    4.3254 0.0000 shifter_28
PE_channel[1].PE_row[1].PE_column[0].PEs   72.4009     1.2    0.6390    0.0000 0.0000 processing_element_27
PE_channel[1].PE_row[1].PE_column[0].PEs/accumulator_inst   32.2437     0.5   12.8287   10.2236 0.0000 accumulator_27
PE_channel[1].PE_row[1].PE_column[0].PEs/accumulator_inst/add_22    9.1914     0.1    9.1914    0.0000 0.0000 accumulator_27_DW01_add_0
PE_channel[1].PE_row[1].PE_column[0].PEs/mult_inst   23.3472     0.4    0.0000    4.3254 0.0000 multiplier_27
PE_channel[1].PE_row[1].PE_column[0].PEs/mult_inst/mult_16   19.0218     0.3   19.0218    0.0000 0.0000 multiplier_27_DW02_mult_0
PE_channel[1].PE_row[1].PE_column[0].PEs/shift_inst   16.1710     0.3   11.6490    4.5220 0.0000 shifter_27
PE_channel[1].PE_row[1].PE_column[1].PEs   73.4331     1.2    0.5898    0.0000 0.0000 processing_element_26
PE_channel[1].PE_row[1].PE_column[1].PEs/accumulator_inst   32.3420     0.5   12.8287   10.2236 0.0000 accumulator_26
PE_channel[1].PE_row[1].PE_column[1].PEs/accumulator_inst/add_22    9.2897     0.2    9.2897    0.0000 0.0000 accumulator_26_DW01_add_0
PE_channel[1].PE_row[1].PE_column[1].PEs/mult_inst   23.3472     0.4    0.0000    4.3254 0.0000 multiplier_26
PE_channel[1].PE_row[1].PE_column[1].PEs/mult_inst/mult_16   19.0218     0.3   19.0218    0.0000 0.0000 multiplier_26_DW02_mult_0
PE_channel[1].PE_row[1].PE_column[1].PEs/shift_inst   17.1540     0.3   12.8287    4.3254 0.0000 shifter_26
PE_channel[1].PE_row[1].PE_column[2].PEs   71.3687     1.2    0.6390    0.0000 0.0000 processing_element_25
PE_channel[1].PE_row[1].PE_column[2].PEs/accumulator_inst   31.8996     0.5   12.4846   10.2236 0.0000 accumulator_25
PE_channel[1].PE_row[1].PE_column[2].PEs/accumulator_inst/add_22    9.1914     0.1    9.1914    0.0000 0.0000 accumulator_25_DW01_add_0
PE_channel[1].PE_row[1].PE_column[2].PEs/mult_inst   23.3472     0.4    0.0000    4.3254 0.0000 multiplier_25
PE_channel[1].PE_row[1].PE_column[2].PEs/mult_inst/mult_16   19.0218     0.3   19.0218    0.0000 0.0000 multiplier_25_DW02_mult_0
PE_channel[1].PE_row[1].PE_column[2].PEs/shift_inst   15.4829     0.3   11.1575    4.3254 0.0000 shifter_25
PE_channel[1].PE_row[1].PE_column[3].PEs   71.3196     1.2    0.5898    0.0000 0.0000 processing_element_24
PE_channel[1].PE_row[1].PE_column[3].PEs/accumulator_inst   31.8996     0.5   12.4846   10.2236 0.0000 accumulator_24
PE_channel[1].PE_row[1].PE_column[3].PEs/accumulator_inst/add_22    9.1914     0.1    9.1914    0.0000 0.0000 accumulator_24_DW01_add_0
PE_channel[1].PE_row[1].PE_column[3].PEs/mult_inst   23.3472     0.4    0.0000    4.3254 0.0000 multiplier_24
PE_channel[1].PE_row[1].PE_column[3].PEs/mult_inst/mult_16   19.0218     0.3   19.0218    0.0000 0.0000 multiplier_24_DW02_mult_0
PE_channel[1].PE_row[1].PE_column[3].PEs/shift_inst   15.4829     0.3   11.1575    4.3254 0.0000 shifter_24
PE_channel[1].PE_row[2].PE_column[0].PEs   72.3517     1.2    0.6390    0.0000 0.0000 processing_element_23
PE_channel[1].PE_row[2].PE_column[0].PEs/accumulator_inst   32.0963     0.5   12.6812   10.2236 0.0000 accumulator_23
PE_channel[1].PE_row[2].PE_column[0].PEs/accumulator_inst/add_22    9.1914     0.1    9.1914    0.0000 0.0000 accumulator_23_DW01_add_0
PE_channel[1].PE_row[2].PE_column[0].PEs/mult_inst   23.3472     0.4    0.0000    4.3254 0.0000 multiplier_23
PE_channel[1].PE_row[2].PE_column[0].PEs/mult_inst/mult_16   19.0218     0.3   19.0218    0.0000 0.0000 multiplier_23_DW02_mult_0
PE_channel[1].PE_row[2].PE_column[0].PEs/shift_inst   16.2693     0.3   11.7473    4.5220 0.0000 shifter_23
PE_channel[1].PE_row[2].PE_column[1].PEs   72.7450     1.2    0.6390    0.0000 0.0000 processing_element_22
PE_channel[1].PE_row[2].PE_column[1].PEs/accumulator_inst   32.5878     0.5   13.0744   10.2236 0.0000 accumulator_22
PE_channel[1].PE_row[2].PE_column[1].PEs/accumulator_inst/add_22    9.2897     0.2    9.2897    0.0000 0.0000 accumulator_22_DW01_add_0
PE_channel[1].PE_row[2].PE_column[1].PEs/mult_inst   23.3472     0.4    0.0000    4.3254 0.0000 multiplier_22
PE_channel[1].PE_row[2].PE_column[1].PEs/mult_inst/mult_16   19.0218     0.3   19.0218    0.0000 0.0000 multiplier_22_DW02_mult_0
PE_channel[1].PE_row[2].PE_column[1].PEs/shift_inst   16.1710     0.3   11.6490    4.5220 0.0000 shifter_22
PE_channel[1].PE_row[2].PE_column[2].PEs   71.3687     1.2    0.5898    0.0000 0.0000 processing_element_21
PE_channel[1].PE_row[2].PE_column[2].PEs/accumulator_inst   31.8505     0.5   12.4355   10.2236 0.0000 accumulator_21
PE_channel[1].PE_row[2].PE_column[2].PEs/accumulator_inst/add_22    9.1914     0.1    9.1914    0.0000 0.0000 accumulator_21_DW01_add_0
PE_channel[1].PE_row[2].PE_column[2].PEs/mult_inst   23.3472     0.4    0.0000    4.3254 0.0000 multiplier_21
PE_channel[1].PE_row[2].PE_column[2].PEs/mult_inst/mult_16   19.0218     0.3   19.0218    0.0000 0.0000 multiplier_21_DW02_mult_0
PE_channel[1].PE_row[2].PE_column[2].PEs/shift_inst   15.5812     0.3   11.2558    4.3254 0.0000 shifter_21
PE_channel[1].PE_row[2].PE_column[3].PEs   71.1721     1.1    0.5898    0.0000 0.0000 processing_element_20
PE_channel[1].PE_row[2].PE_column[3].PEs/accumulator_inst   31.7522     0.5   12.3372   10.2236 0.0000 accumulator_20
PE_channel[1].PE_row[2].PE_column[3].PEs/accumulator_inst/add_22    9.1914     0.1    9.1914    0.0000 0.0000 accumulator_20_DW01_add_0
PE_channel[1].PE_row[2].PE_column[3].PEs/mult_inst   23.3472     0.4    0.0000    4.3254 0.0000 multiplier_20
PE_channel[1].PE_row[2].PE_column[3].PEs/mult_inst/mult_16   19.0218     0.3   19.0218    0.0000 0.0000 multiplier_20_DW02_mult_0
PE_channel[1].PE_row[2].PE_column[3].PEs/shift_inst   15.4829     0.3   11.1575    4.3254 0.0000 shifter_20
PE_channel[1].PE_row[3].PE_column[0].PEs   71.1721     1.1    0.5898    0.0000 0.0000 processing_element_19
PE_channel[1].PE_row[3].PE_column[0].PEs/accumulator_inst   31.7522     0.5   12.3372   10.2236 0.0000 accumulator_19
PE_channel[1].PE_row[3].PE_column[0].PEs/accumulator_inst/add_22    9.1914     0.1    9.1914    0.0000 0.0000 accumulator_19_DW01_add_0
PE_channel[1].PE_row[3].PE_column[0].PEs/mult_inst   23.3472     0.4    0.0000    4.3254 0.0000 multiplier_19
PE_channel[1].PE_row[3].PE_column[0].PEs/mult_inst/mult_16   19.0218     0.3   19.0218    0.0000 0.0000 multiplier_19_DW02_mult_0
PE_channel[1].PE_row[3].PE_column[0].PEs/shift_inst   15.4829     0.3   11.1575    4.3254 0.0000 shifter_19
PE_channel[1].PE_row[3].PE_column[1].PEs   71.2704     1.2    0.5898    0.0000 0.0000 processing_element_18
PE_channel[1].PE_row[3].PE_column[1].PEs/accumulator_inst   31.7522     0.5   12.3372   10.2236 0.0000 accumulator_18
PE_channel[1].PE_row[3].PE_column[1].PEs/accumulator_inst/add_22    9.1914     0.1    9.1914    0.0000 0.0000 accumulator_18_DW01_add_0
PE_channel[1].PE_row[3].PE_column[1].PEs/mult_inst   23.3472     0.4    0.0000    4.3254 0.0000 multiplier_18
PE_channel[1].PE_row[3].PE_column[1].PEs/mult_inst/mult_16   19.0218     0.3   19.0218    0.0000 0.0000 multiplier_18_DW02_mult_0
PE_channel[1].PE_row[3].PE_column[1].PEs/shift_inst   15.5812     0.3   11.2558    4.3254 0.0000 shifter_18
PE_channel[1].PE_row[3].PE_column[2].PEs   71.1721     1.1    0.5898    0.0000 0.0000 processing_element_17
PE_channel[1].PE_row[3].PE_column[2].PEs/accumulator_inst   31.7522     0.5   12.3372   10.2236 0.0000 accumulator_17
PE_channel[1].PE_row[3].PE_column[2].PEs/accumulator_inst/add_22    9.1914     0.1    9.1914    0.0000 0.0000 accumulator_17_DW01_add_0
PE_channel[1].PE_row[3].PE_column[2].PEs/mult_inst   23.3472     0.4    0.0000    4.3254 0.0000 multiplier_17
PE_channel[1].PE_row[3].PE_column[2].PEs/mult_inst/mult_16   19.0218     0.3   19.0218    0.0000 0.0000 multiplier_17_DW02_mult_0
PE_channel[1].PE_row[3].PE_column[2].PEs/shift_inst   15.4829     0.3   11.1575    4.3254 0.0000 shifter_17
PE_channel[1].PE_row[3].PE_column[3].PEs   71.1721     1.1    0.5898    0.0000 0.0000 processing_element_16
PE_channel[1].PE_row[3].PE_column[3].PEs/accumulator_inst   31.7522     0.5   12.3372   10.2236 0.0000 accumulator_16
PE_channel[1].PE_row[3].PE_column[3].PEs/accumulator_inst/add_22    9.1914     0.1    9.1914    0.0000 0.0000 accumulator_16_DW01_add_0
PE_channel[1].PE_row[3].PE_column[3].PEs/mult_inst   23.3472     0.4    0.0000    4.3254 0.0000 multiplier_16
PE_channel[1].PE_row[3].PE_column[3].PEs/mult_inst/mult_16   19.0218     0.3   19.0218    0.0000 0.0000 multiplier_16_DW02_mult_0
PE_channel[1].PE_row[3].PE_column[3].PEs/shift_inst   15.4829     0.3   11.1575    4.3254 0.0000 shifter_16
PE_channel[2].PE_row[0].PE_column[0].PEs   71.5653     1.2    0.6390    0.0000 0.0000 processing_element_15
PE_channel[2].PE_row[0].PE_column[0].PEs/accumulator_inst   31.9980     0.5   12.5829   10.2236 0.0000 accumulator_15
PE_channel[2].PE_row[0].PE_column[0].PEs/accumulator_inst/add_22    9.1914     0.1    9.1914    0.0000 0.0000 accumulator_15_DW01_add_0
PE_channel[2].PE_row[0].PE_column[0].PEs/mult_inst   23.3472     0.4    0.0000    4.3254 0.0000 multiplier_15
PE_channel[2].PE_row[0].PE_column[0].PEs/mult_inst/mult_16   19.0218     0.3   19.0218    0.0000 0.0000 multiplier_15_DW02_mult_0
PE_channel[2].PE_row[0].PE_column[0].PEs/shift_inst   15.5812     0.3   11.2558    4.3254 0.0000 shifter_15
PE_channel[2].PE_row[0].PE_column[1].PEs   72.4009     1.2    0.5898    0.0000 0.0000 processing_element_14
PE_channel[2].PE_row[0].PE_column[1].PEs/accumulator_inst   32.3420     0.5   12.8287   10.2236 0.0000 accumulator_14
PE_channel[2].PE_row[0].PE_column[1].PEs/accumulator_inst/add_22    9.2897     0.2    9.2897    0.0000 0.0000 accumulator_14_DW01_add_0
PE_channel[2].PE_row[0].PE_column[1].PEs/mult_inst   23.3472     0.4    0.0000    4.3254 0.0000 multiplier_14
PE_channel[2].PE_row[0].PE_column[1].PEs/mult_inst/mult_16   19.0218     0.3   19.0218    0.0000 0.0000 multiplier_14_DW02_mult_0
PE_channel[2].PE_row[0].PE_column[1].PEs/shift_inst   16.1219     0.3   11.7965    4.3254 0.0000 shifter_14
PE_channel[2].PE_row[0].PE_column[2].PEs   71.1721     1.1    0.5898    0.0000 0.0000 processing_element_13
PE_channel[2].PE_row[0].PE_column[2].PEs/accumulator_inst   31.7522     0.5   12.3372   10.2236 0.0000 accumulator_13
PE_channel[2].PE_row[0].PE_column[2].PEs/accumulator_inst/add_22    9.1914     0.1    9.1914    0.0000 0.0000 accumulator_13_DW01_add_0
PE_channel[2].PE_row[0].PE_column[2].PEs/mult_inst   23.3472     0.4    0.0000    4.3254 0.0000 multiplier_13
PE_channel[2].PE_row[0].PE_column[2].PEs/mult_inst/mult_16   19.0218     0.3   19.0218    0.0000 0.0000 multiplier_13_DW02_mult_0
PE_channel[2].PE_row[0].PE_column[2].PEs/shift_inst   15.4829     0.3   11.1575    4.3254 0.0000 shifter_13
PE_channel[2].PE_row[0].PE_column[3].PEs   71.1721     1.1    0.5898    0.0000 0.0000 processing_element_12
PE_channel[2].PE_row[0].PE_column[3].PEs/accumulator_inst   31.7522     0.5   12.3372   10.2236 0.0000 accumulator_12
PE_channel[2].PE_row[0].PE_column[3].PEs/accumulator_inst/add_22    9.1914     0.1    9.1914    0.0000 0.0000 accumulator_12_DW01_add_0
PE_channel[2].PE_row[0].PE_column[3].PEs/mult_inst   23.3472     0.4    0.0000    4.3254 0.0000 multiplier_12
PE_channel[2].PE_row[0].PE_column[3].PEs/mult_inst/mult_16   19.0218     0.3   19.0218    0.0000 0.0000 multiplier_12_DW02_mult_0
PE_channel[2].PE_row[0].PE_column[3].PEs/shift_inst   15.4829     0.3   11.1575    4.3254 0.0000 shifter_12
PE_channel[2].PE_row[1].PE_column[0].PEs   71.5653     1.2    0.6390    0.0000 0.0000 processing_element_11
PE_channel[2].PE_row[1].PE_column[0].PEs/accumulator_inst   31.9980     0.5   12.5829   10.2236 0.0000 accumulator_11
PE_channel[2].PE_row[1].PE_column[0].PEs/accumulator_inst/add_22    9.1914     0.1    9.1914    0.0000 0.0000 accumulator_11_DW01_add_0
PE_channel[2].PE_row[1].PE_column[0].PEs/mult_inst   23.3472     0.4    0.0000    4.3254 0.0000 multiplier_11
PE_channel[2].PE_row[1].PE_column[0].PEs/mult_inst/mult_16   19.0218     0.3   19.0218    0.0000 0.0000 multiplier_11_DW02_mult_0
PE_channel[2].PE_row[1].PE_column[0].PEs/shift_inst   15.5812     0.3   11.1575    4.4237 0.0000 shifter_11
PE_channel[2].PE_row[1].PE_column[1].PEs   71.9585     1.2    0.6390    0.0000 0.0000 processing_element_10
PE_channel[2].PE_row[1].PE_column[1].PEs/accumulator_inst   32.2437     0.5   12.8287   10.2236 0.0000 accumulator_10
PE_channel[2].PE_row[1].PE_column[1].PEs/accumulator_inst/add_22    9.1914     0.1    9.1914    0.0000 0.0000 accumulator_10_DW01_add_0
PE_channel[2].PE_row[1].PE_column[1].PEs/mult_inst   23.3472     0.4    0.0000    4.3254 0.0000 multiplier_10
PE_channel[2].PE_row[1].PE_column[1].PEs/mult_inst/mult_16   19.0218     0.3   19.0218    0.0000 0.0000 multiplier_10_DW02_mult_0
PE_channel[2].PE_row[1].PE_column[1].PEs/shift_inst   15.7286     0.3   11.3541    4.3745 0.0000 shifter_10
PE_channel[2].PE_row[1].PE_column[2].PEs   71.2704     1.2    0.6390    0.0000 0.0000 processing_element_9
PE_channel[2].PE_row[1].PE_column[2].PEs/accumulator_inst   31.7522     0.5   12.3372   10.2236 0.0000 accumulator_9
PE_channel[2].PE_row[1].PE_column[2].PEs/accumulator_inst/add_22    9.1914     0.1    9.1914    0.0000 0.0000 accumulator_9_DW01_add_0
PE_channel[2].PE_row[1].PE_column[2].PEs/mult_inst   23.3472     0.4    0.0000    4.3254 0.0000 multiplier_9
PE_channel[2].PE_row[1].PE_column[2].PEs/mult_inst/mult_16   19.0218     0.3   19.0218    0.0000 0.0000 multiplier_9_DW02_mult_0
PE_channel[2].PE_row[1].PE_column[2].PEs/shift_inst   15.5320     0.3   11.1575    4.3745 0.0000 shifter_9
PE_channel[2].PE_row[1].PE_column[3].PEs   71.4179     1.2    0.5898    0.0000 0.0000 processing_element_8
PE_channel[2].PE_row[1].PE_column[3].PEs/accumulator_inst   31.9980     0.5   12.5829   10.2236 0.0000 accumulator_8
PE_channel[2].PE_row[1].PE_column[3].PEs/accumulator_inst/add_22    9.1914     0.1    9.1914    0.0000 0.0000 accumulator_8_DW01_add_0
PE_channel[2].PE_row[1].PE_column[3].PEs/mult_inst   23.3472     0.4    0.0000    4.3254 0.0000 multiplier_8
PE_channel[2].PE_row[1].PE_column[3].PEs/mult_inst/mult_16   19.0218     0.3   19.0218    0.0000 0.0000 multiplier_8_DW02_mult_0
PE_channel[2].PE_row[1].PE_column[3].PEs/shift_inst   15.4829     0.3   11.1575    4.3254 0.0000 shifter_8
PE_channel[2].PE_row[2].PE_column[0].PEs   71.4179     1.2    0.6390    0.0000 0.0000 processing_element_7
PE_channel[2].PE_row[2].PE_column[0].PEs/accumulator_inst   31.8996     0.5   12.4846   10.2236 0.0000 accumulator_7
PE_channel[2].PE_row[2].PE_column[0].PEs/accumulator_inst/add_22    9.1914     0.1    9.1914    0.0000 0.0000 accumulator_7_DW01_add_0
PE_channel[2].PE_row[2].PE_column[0].PEs/mult_inst   23.3472     0.4    0.0000    4.3254 0.0000 multiplier_7
PE_channel[2].PE_row[2].PE_column[0].PEs/mult_inst/mult_16   19.0218     0.3   19.0218    0.0000 0.0000 multiplier_7_DW02_mult_0
PE_channel[2].PE_row[2].PE_column[0].PEs/shift_inst   15.5320     0.3   11.1575    4.3745 0.0000 shifter_7
PE_channel[2].PE_row[2].PE_column[1].PEs   71.4670     1.2    0.6390    0.0000 0.0000 processing_element_6
PE_channel[2].PE_row[2].PE_column[1].PEs/accumulator_inst   31.8996     0.5   12.4846   10.2236 0.0000 accumulator_6
PE_channel[2].PE_row[2].PE_column[1].PEs/accumulator_inst/add_22    9.1914     0.1    9.1914    0.0000 0.0000 accumulator_6_DW01_add_0
PE_channel[2].PE_row[2].PE_column[1].PEs/mult_inst   23.3472     0.4    0.0000    4.3254 0.0000 multiplier_6
PE_channel[2].PE_row[2].PE_column[1].PEs/mult_inst/mult_16   19.0218     0.3   19.0218    0.0000 0.0000 multiplier_6_DW02_mult_0
PE_channel[2].PE_row[2].PE_column[1].PEs/shift_inst   15.5812     0.3   11.2558    4.3254 0.0000 shifter_6
PE_channel[2].PE_row[2].PE_column[2].PEs   71.3196     1.2    0.5898    0.0000 0.0000 processing_element_5
PE_channel[2].PE_row[2].PE_column[2].PEs/accumulator_inst   31.8996     0.5   12.4846   10.2236 0.0000 accumulator_5
PE_channel[2].PE_row[2].PE_column[2].PEs/accumulator_inst/add_22    9.1914     0.1    9.1914    0.0000 0.0000 accumulator_5_DW01_add_0
PE_channel[2].PE_row[2].PE_column[2].PEs/mult_inst   23.3472     0.4    0.0000    4.3254 0.0000 multiplier_5
PE_channel[2].PE_row[2].PE_column[2].PEs/mult_inst/mult_16   19.0218     0.3   19.0218    0.0000 0.0000 multiplier_5_DW02_mult_0
PE_channel[2].PE_row[2].PE_column[2].PEs/shift_inst   15.4829     0.3   11.1575    4.3254 0.0000 shifter_5
PE_channel[2].PE_row[2].PE_column[3].PEs   71.3196     1.2    0.5898    0.0000 0.0000 processing_element_4
PE_channel[2].PE_row[2].PE_column[3].PEs/accumulator_inst   31.8996     0.5   12.4846   10.2236 0.0000 accumulator_4
PE_channel[2].PE_row[2].PE_column[3].PEs/accumulator_inst/add_22    9.1914     0.1    9.1914    0.0000 0.0000 accumulator_4_DW01_add_0
PE_channel[2].PE_row[2].PE_column[3].PEs/mult_inst   23.3472     0.4    0.0000    4.3254 0.0000 multiplier_4
PE_channel[2].PE_row[2].PE_column[3].PEs/mult_inst/mult_16   19.0218     0.3   19.0218    0.0000 0.0000 multiplier_4_DW02_mult_0
PE_channel[2].PE_row[2].PE_column[3].PEs/shift_inst   15.4829     0.3   11.1575    4.3254 0.0000 shifter_4
PE_channel[2].PE_row[3].PE_column[0].PEs   71.1721     1.1    0.5898    0.0000 0.0000 processing_element_3
PE_channel[2].PE_row[3].PE_column[0].PEs/accumulator_inst   31.7522     0.5   12.3372   10.2236 0.0000 accumulator_3
PE_channel[2].PE_row[3].PE_column[0].PEs/accumulator_inst/add_22    9.1914     0.1    9.1914    0.0000 0.0000 accumulator_3_DW01_add_0
PE_channel[2].PE_row[3].PE_column[0].PEs/mult_inst   23.3472     0.4    0.0000    4.3254 0.0000 multiplier_3
PE_channel[2].PE_row[3].PE_column[0].PEs/mult_inst/mult_16   19.0218     0.3   19.0218    0.0000 0.0000 multiplier_3_DW02_mult_0
PE_channel[2].PE_row[3].PE_column[0].PEs/shift_inst   15.4829     0.3   11.1575    4.3254 0.0000 shifter_3
PE_channel[2].PE_row[3].PE_column[1].PEs   71.3196     1.2    0.5898    0.0000 0.0000 processing_element_2
PE_channel[2].PE_row[3].PE_column[1].PEs/accumulator_inst   31.8996     0.5   12.4846   10.2236 0.0000 accumulator_2
PE_channel[2].PE_row[3].PE_column[1].PEs/accumulator_inst/add_22    9.1914     0.1    9.1914    0.0000 0.0000 accumulator_2_DW01_add_0
PE_channel[2].PE_row[3].PE_column[1].PEs/mult_inst   23.3472     0.4    0.0000    4.3254 0.0000 multiplier_2
PE_channel[2].PE_row[3].PE_column[1].PEs/mult_inst/mult_16   19.0218     0.3   19.0218    0.0000 0.0000 multiplier_2_DW02_mult_0
PE_channel[2].PE_row[3].PE_column[1].PEs/shift_inst   15.4829     0.3   11.1575    4.3254 0.0000 shifter_2
PE_channel[2].PE_row[3].PE_column[2].PEs   71.1721     1.1    0.5898    0.0000 0.0000 processing_element_1
PE_channel[2].PE_row[3].PE_column[2].PEs/accumulator_inst   31.7522     0.5   12.3372   10.2236 0.0000 accumulator_1
PE_channel[2].PE_row[3].PE_column[2].PEs/accumulator_inst/add_22    9.1914     0.1    9.1914    0.0000 0.0000 accumulator_1_DW01_add_0
PE_channel[2].PE_row[3].PE_column[2].PEs/mult_inst   23.3472     0.4    0.0000    4.3254 0.0000 multiplier_1
PE_channel[2].PE_row[3].PE_column[2].PEs/mult_inst/mult_16   19.0218     0.3   19.0218    0.0000 0.0000 multiplier_1_DW02_mult_0
PE_channel[2].PE_row[3].PE_column[2].PEs/shift_inst   15.4829     0.3   11.1575    4.3254 0.0000 shifter_1
PE_channel[2].PE_row[3].PE_column[3].PEs   71.1721     1.1    0.5898    0.0000 0.0000 processing_element_0
PE_channel[2].PE_row[3].PE_column[3].PEs/accumulator_inst   31.7522     0.5   12.3372   10.2236 0.0000 accumulator_0
PE_channel[2].PE_row[3].PE_column[3].PEs/accumulator_inst/add_22    9.1914     0.1    9.1914    0.0000 0.0000 accumulator_0_DW01_add_0
PE_channel[2].PE_row[3].PE_column[3].PEs/mult_inst   23.3472     0.4    0.0000    4.3254 0.0000 multiplier_0
PE_channel[2].PE_row[3].PE_column[3].PEs/mult_inst/mult_16   19.0218     0.3   19.0218    0.0000 0.0000 multiplier_0_DW02_mult_0
PE_channel[2].PE_row[3].PE_column[3].PEs/shift_inst   15.4829     0.3   11.1575    4.3254 0.0000 shifter_0
delta_down_channel[0].delta_down_counter_inst   12.5338     0.2    8.6999    3.8339 0.0000 delta_down_counter_2
delta_down_channel[1].delta_down_counter_inst   10.6168     0.2    6.7830    3.8339 0.0000 delta_down_counter_1
delta_down_channel[2].delta_down_counter_inst   10.6168     0.2    6.7830    3.8339 0.0000 delta_down_counter_0
index_down_channel[0].index_down_counter_inst   14.3032     0.2    9.1914    5.1118 0.0000 index_down_counter_2
index_down_channel[1].index_down_counter_inst   14.3032     0.2    9.1914    5.1118 0.0000 index_down_counter_1
index_down_channel[2].index_down_counter_inst   14.3032     0.2    9.1914    5.1118 0.0000 index_down_counter_0
output_buffer_inst                1982.2510     32.0  1614.2008   368.0502  0.0000  output_buffer
--------------------------------  ---------  -------  ---------  ---------  ------  -------------------------
Total                                                 4827.1197  1362.4934  0.0000

1
