 
****************************************
Report : resources
Design : processing_unit
Version: O-2018.06
Date   : Fri Dec 13 18:38:44 2019
****************************************

Resource Sharing Report for design processing_unit in file
        /home/arkhadem/Downloads/Delta/DeltaNN/HDL/processing_unit.sv

===============================================================================
|          |              |            | Contained     |                      |
| Resource | Module       | Parameters | Resources     | Contained Operations |
===============================================================================
| r80      | DW01_inc     | width=4    |               | add_113              |
| r82      | DW01_inc     | width=4    |               | add_113_I2           |
| r84      | DW01_inc     | width=4    |               | add_135              |
| r86      | DW01_inc     | width=4    |               | add_135_I2           |
===============================================================================


No implementations to report

No resource sharing information to report.
 
****************************************
Design : index_down_counter_0
****************************************

No implementations to report
 
****************************************
Design : index_down_counter_1
****************************************
Resource Sharing Report for design index_down_counter_0 in file
        /home/arkhadem/Downloads/Delta/DeltaNN/HDL/index_down_counter.sv

===============================================================================
|          |              |            | Contained     |                      |
| Resource | Module       | Parameters | Resources     | Contained Operations |
===============================================================================
| r58      | DW01_dec     | width=3    |               | sub_20               |
| r60      | DW01_dec     | width=3    |               | sub_22               |
===============================================================================


No implementations to report

No resource sharing information to report.
 
****************************************
Design : delta_down_counter_0
****************************************

No implementations to report
 
****************************************
Design : delta_down_counter_1
****************************************
Resource Sharing Report for design delta_down_counter_0 in file
        /home/arkhadem/Downloads/Delta/DeltaNN/HDL/delta_down_counter.sv

===============================================================================
|          |              |            | Contained     |                      |
| Resource | Module       | Parameters | Resources     | Contained Operations |
===============================================================================
| r59      | DW01_dec     | width=3    |               | sub_20               |
| r61      | DW01_dec     | width=3    |               | sub_22               |
===============================================================================


No implementations to report
 
****************************************
Design : output_buffer
****************************************
Resource Sharing Report for design output_buffer in file
        /home/arkhadem/Downloads/Delta/DeltaNN/HDL/output_buffer.sv

===============================================================================
|          |              |            | Contained     |                      |
| Resource | Module       | Parameters | Resources     | Contained Operations |
===============================================================================
| r3201    | DW01_sub     | width=2    |               | sub_30 sub_30_3_01   |
|          |              |            |               | sub_30_3_I2_I1_I1_01 |
|          |              |            |               | sub_30_3_I3_I1_I1_01 |
|          |              |            |               | sub_30_3_I4_I1_I1_01 |
|          |              |            |               | sub_30_I2_I1_I1      |
|          |              |            |               | sub_30_I3_I1_I1      |
|          |              |            |               | sub_30_I4_I1_I1      |
| r3202    | DW01_sub     | width=2    |               | sub_30_2             |
|          |              |            |               | sub_30_2_I2_I1       |
|          |              |            |               | sub_30_2_I3_I1       |
|          |              |            |               | sub_30_2_I4_I1       |
|          |              |            |               | sub_30_4             |
|          |              |            |               | sub_30_4_I2_I1       |
|          |              |            |               | sub_30_4_I3_I1       |
|          |              |            |               | sub_30_4_I4_I1       |
| r3204    | DW01_sub     | width=2    |               | sub_30_2_I2_I1_I1    |
|          |              |            |               | sub_30_2_I2_I2_I1    |
|          |              |            |               | sub_30_2_I2_I3_I1    |
|          |              |            |               | sub_30_2_I2_I4_I1    |
|          |              |            |               | sub_30_4_I2_I1_I1    |
|          |              |            |               | sub_30_4_I2_I2_I1    |
|          |              |            |               | sub_30_4_I2_I3_I1    |
|          |              |            |               | sub_30_4_I2_I4_I1    |
| r3206    | DW01_sub     | width=3    |               | sub_30_2_I3_I1_I1    |
|          |              |            |               | sub_30_2_I3_I2_I1    |
|          |              |            |               | sub_30_2_I3_I3_I1    |
|          |              |            |               | sub_30_2_I3_I4_I1    |
|          |              |            |               | sub_30_4_I3_I1_I1    |
|          |              |            |               | sub_30_4_I3_I2_I1    |
|          |              |            |               | sub_30_4_I3_I3_I1    |
|          |              |            |               | sub_30_4_I3_I4_I1    |
| r3208    | DW01_sub     | width=3    |               | sub_30_2_I4_I1_I1    |
|          |              |            |               | sub_30_2_I4_I2_I1    |
|          |              |            |               | sub_30_2_I4_I3_I1    |
|          |              |            |               | sub_30_2_I4_I4_I1    |
|          |              |            |               | sub_30_4_I4_I1_I1    |
|          |              |            |               | sub_30_4_I4_I2_I1    |
|          |              |            |               | sub_30_4_I4_I3_I1    |
|          |              |            |               | sub_30_4_I4_I4_I1    |
| r3210    | DW01_sub     | width=2    |               | sub_30_3_I2_I1_01    |
|          |              |            |               | sub_30_3_I2_I2_I1_01 |
|          |              |            |               | sub_30_3_I3_I2_I1_01 |
|          |              |            |               | sub_30_3_I4_I2_I1_01 |
|          |              |            |               | sub_30_I2_I1         |
|          |              |            |               | sub_30_I2_I2_I1      |
|          |              |            |               | sub_30_I3_I2_I1      |
|          |              |            |               | sub_30_I4_I2_I1      |
| r3215    | DW01_sub     | width=3    |               | sub_30_3_I2_I3_I1_01 |
|          |              |            |               | sub_30_3_I3_I1_01    |
|          |              |            |               | sub_30_3_I3_I3_I1_01 |
|          |              |            |               | sub_30_3_I4_I3_I1_01 |
|          |              |            |               | sub_30_I2_I3_I1      |
|          |              |            |               | sub_30_I3_I1         |
|          |              |            |               | sub_30_I3_I3_I1      |
|          |              |            |               | sub_30_I4_I3_I1      |
| r3220    | DW01_sub     | width=3    |               | sub_30_3_I2_I4_I1_01 |
|          |              |            |               | sub_30_3_I3_I4_I1_01 |
|          |              |            |               | sub_30_3_I4_I1_01    |
|          |              |            |               | sub_30_3_I4_I4_I1_01 |
|          |              |            |               | sub_30_I2_I4_I1      |
|          |              |            |               | sub_30_I3_I4_I1      |
|          |              |            |               | sub_30_I4_I1         |
|          |              |            |               | sub_30_I4_I4_I1      |
| r3225    | DW01_sub     | width=2    |               | sub_30_3_I2_01       |
|          |              |            |               | sub_30_3_I2_I1_I2_01 |
|          |              |            |               | sub_30_3_I3_I1_I2_01 |
|          |              |            |               | sub_30_3_I4_I1_I2_01 |
|          |              |            |               | sub_30_I2            |
|          |              |            |               | sub_30_I2_I1_I2      |
|          |              |            |               | sub_30_I3_I1_I2      |
|          |              |            |               | sub_30_I4_I1_I2      |
| r3226    | DW01_sub     | width=2    |               | sub_30_2_I2          |
|          |              |            |               | sub_30_2_I2_I2       |
|          |              |            |               | sub_30_2_I3_I2       |
|          |              |            |               | sub_30_2_I4_I2       |
|          |              |            |               | sub_30_4_I2          |
|          |              |            |               | sub_30_4_I2_I2       |
|          |              |            |               | sub_30_4_I3_I2       |
|          |              |            |               | sub_30_4_I4_I2       |
| r3228    | DW01_sub     | width=2    |               | sub_30_2_I2_I1_I2    |
|          |              |            |               | sub_30_2_I2_I2_I2    |
|          |              |            |               | sub_30_2_I2_I3_I2    |
|          |              |            |               | sub_30_2_I2_I4_I2    |
|          |              |            |               | sub_30_4_I2_I1_I2    |
|          |              |            |               | sub_30_4_I2_I2_I2    |
|          |              |            |               | sub_30_4_I2_I3_I2    |
|          |              |            |               | sub_30_4_I2_I4_I2    |
| r3230    | DW01_sub     | width=3    |               | sub_30_2_I3_I1_I2    |
|          |              |            |               | sub_30_2_I3_I2_I2    |
|          |              |            |               | sub_30_2_I3_I3_I2    |
|          |              |            |               | sub_30_2_I3_I4_I2    |
|          |              |            |               | sub_30_4_I3_I1_I2    |
|          |              |            |               | sub_30_4_I3_I2_I2    |
|          |              |            |               | sub_30_4_I3_I3_I2    |
|          |              |            |               | sub_30_4_I3_I4_I2    |
| r3232    | DW01_sub     | width=3    |               | sub_30_2_I4_I1_I2    |
|          |              |            |               | sub_30_2_I4_I2_I2    |
|          |              |            |               | sub_30_2_I4_I3_I2    |
|          |              |            |               | sub_30_2_I4_I4_I2    |
|          |              |            |               | sub_30_4_I4_I1_I2    |
|          |              |            |               | sub_30_4_I4_I2_I2    |
|          |              |            |               | sub_30_4_I4_I3_I2    |
|          |              |            |               | sub_30_4_I4_I4_I2    |
| r3234    | DW01_sub     | width=2    |               | sub_30_3_I2_I2_01    |
|          |              |            |               | sub_30_3_I2_I2_I2_01 |
|          |              |            |               | sub_30_3_I3_I2_I2_01 |
|          |              |            |               | sub_30_3_I4_I2_I2_01 |
|          |              |            |               | sub_30_I2_I2         |
|          |              |            |               | sub_30_I2_I2_I2      |
|          |              |            |               | sub_30_I3_I2_I2      |
|          |              |            |               | sub_30_I4_I2_I2      |
| r3239    | DW01_sub     | width=3    |               | sub_30_3_I2_I3_I2_01 |
|          |              |            |               | sub_30_3_I3_I2_01    |
|          |              |            |               | sub_30_3_I3_I3_I2_01 |
|          |              |            |               | sub_30_3_I4_I3_I2_01 |
|          |              |            |               | sub_30_I2_I3_I2      |
|          |              |            |               | sub_30_I3_I2         |
|          |              |            |               | sub_30_I3_I3_I2      |
|          |              |            |               | sub_30_I4_I3_I2      |
| r3244    | DW01_sub     | width=3    |               | sub_30_3_I2_I4_I2_01 |
|          |              |            |               | sub_30_3_I3_I4_I2_01 |
|          |              |            |               | sub_30_3_I4_I2_01    |
|          |              |            |               | sub_30_3_I4_I4_I2_01 |
|          |              |            |               | sub_30_I2_I4_I2      |
|          |              |            |               | sub_30_I3_I4_I2      |
|          |              |            |               | sub_30_I4_I2         |
|          |              |            |               | sub_30_I4_I4_I2      |
| r3282    | DW01_add     | width=4    |               | add_30               |
| r3284    | DW01_add     | width=4    |               | add_30_I2_I1_I1      |
| r3286    | DW01_add     | width=4    |               | add_30_I3_I1_I1      |
| r3288    | DW01_add     | width=4    |               | add_30_I4_I1_I1      |
| r3290    | DW01_add     | width=4    |               | add_30_I2_I1         |
| r3292    | DW01_add     | width=4    |               | add_30_I2_I2_I1      |
| r3294    | DW01_add     | width=4    |               | add_30_I3_I2_I1      |
| r3296    | DW01_add     | width=4    |               | add_30_I4_I2_I1      |
| r3298    | DW01_add     | width=4    |               | add_30_I3_I1         |
| r3300    | DW01_add     | width=4    |               | add_30_I2_I3_I1      |
| r3302    | DW01_add     | width=4    |               | add_30_I3_I3_I1      |
| r3304    | DW01_add     | width=4    |               | add_30_I4_I3_I1      |
| r3306    | DW01_add     | width=4    |               | add_30_I4_I1         |
| r3308    | DW01_add     | width=4    |               | add_30_I2_I4_I1      |
| r3310    | DW01_add     | width=4    |               | add_30_I3_I4_I1      |
| r3312    | DW01_add     | width=4    |               | add_30_I4_I4_I1      |
| r3314    | DW01_add     | width=4    |               | add_30_I2            |
| r3316    | DW01_add     | width=4    |               | add_30_I2_I1_I2      |
| r3318    | DW01_add     | width=4    |               | add_30_I3_I1_I2      |
| r3320    | DW01_add     | width=4    |               | add_30_I4_I1_I2      |
| r3322    | DW01_add     | width=4    |               | add_30_I2_I2         |
| r3324    | DW01_add     | width=4    |               | add_30_I2_I2_I2      |
| r3326    | DW01_add     | width=4    |               | add_30_I3_I2_I2      |
| r3328    | DW01_add     | width=4    |               | add_30_I4_I2_I2      |
| r3330    | DW01_add     | width=4    |               | add_30_I3_I2         |
| r3332    | DW01_add     | width=4    |               | add_30_I2_I3_I2      |
| r3334    | DW01_add     | width=4    |               | add_30_I3_I3_I2      |
| r3336    | DW01_add     | width=4    |               | add_30_I4_I3_I2      |
| r3338    | DW01_add     | width=4    |               | add_30_I4_I2         |
| r3340    | DW01_add     | width=4    |               | add_30_I2_I4_I2      |
| r3342    | DW01_add     | width=4    |               | add_30_I3_I4_I2      |
| r3344    | DW01_add     | width=4    |               | add_30_I4_I4_I2      |
===============================================================================


No implementations to report

No resource sharing information to report.
 
****************************************
Design : processing_element_0
****************************************

No implementations to report

No resource sharing information to report.
 
****************************************
Design : accumulator_0
****************************************

No implementations to report

No resource sharing information to report.
 
****************************************
Design : shifter_0
****************************************

No implementations to report
 
****************************************
Design : multiplier_0
****************************************
Resource Sharing Report for design multiplier_0 in file
        /home/arkhadem/Downloads/Delta/DeltaNN/HDL/multiplier.sv

===============================================================================
|          |              |            | Contained     |                      |
| Resource | Module       | Parameters | Resources     | Contained Operations |
===============================================================================
| r102     | DW02_mult    | A_width=2  |               | mult_16              |
|          |              | B_width=2  |               |                      |
===============================================================================


No implementations to report

No resource sharing information to report.
 
****************************************
Design : processing_element_1
****************************************

No implementations to report

No resource sharing information to report.
 
****************************************
Design : accumulator_1
****************************************

No implementations to report

No resource sharing information to report.
 
****************************************
Design : shifter_1
****************************************

No implementations to report
 
****************************************
Design : multiplier_1
****************************************
Resource Sharing Report for design multiplier_0 in file
        /home/arkhadem/Downloads/Delta/DeltaNN/HDL/multiplier.sv

===============================================================================
|          |              |            | Contained     |                      |
| Resource | Module       | Parameters | Resources     | Contained Operations |
===============================================================================
| r102     | DW02_mult    | A_width=2  |               | mult_16              |
|          |              | B_width=2  |               |                      |
===============================================================================


No implementations to report

No resource sharing information to report.
 
****************************************
Design : processing_element_2
****************************************

No implementations to report

No resource sharing information to report.
 
****************************************
Design : accumulator_2
****************************************

No implementations to report

No resource sharing information to report.
 
****************************************
Design : shifter_2
****************************************

No implementations to report
 
****************************************
Design : multiplier_2
****************************************
Resource Sharing Report for design multiplier_0 in file
        /home/arkhadem/Downloads/Delta/DeltaNN/HDL/multiplier.sv

===============================================================================
|          |              |            | Contained     |                      |
| Resource | Module       | Parameters | Resources     | Contained Operations |
===============================================================================
| r102     | DW02_mult    | A_width=2  |               | mult_16              |
|          |              | B_width=2  |               |                      |
===============================================================================


No implementations to report

No resource sharing information to report.
 
****************************************
Design : processing_element_3
****************************************

No implementations to report

No resource sharing information to report.
 
****************************************
Design : accumulator_3
****************************************

No implementations to report

No resource sharing information to report.
 
****************************************
Design : shifter_3
****************************************

No implementations to report
 
****************************************
Design : multiplier_3
****************************************
Resource Sharing Report for design multiplier_0 in file
        /home/arkhadem/Downloads/Delta/DeltaNN/HDL/multiplier.sv

===============================================================================
|          |              |            | Contained     |                      |
| Resource | Module       | Parameters | Resources     | Contained Operations |
===============================================================================
| r102     | DW02_mult    | A_width=2  |               | mult_16              |
|          |              | B_width=2  |               |                      |
===============================================================================


No implementations to report

No resource sharing information to report.
 
****************************************
Design : processing_element_4
****************************************

No implementations to report

No resource sharing information to report.
 
****************************************
Design : accumulator_4
****************************************

No implementations to report

No resource sharing information to report.
 
****************************************
Design : shifter_4
****************************************

No implementations to report
 
****************************************
Design : multiplier_4
****************************************
Resource Sharing Report for design multiplier_0 in file
        /home/arkhadem/Downloads/Delta/DeltaNN/HDL/multiplier.sv

===============================================================================
|          |              |            | Contained     |                      |
| Resource | Module       | Parameters | Resources     | Contained Operations |
===============================================================================
| r102     | DW02_mult    | A_width=2  |               | mult_16              |
|          |              | B_width=2  |               |                      |
===============================================================================


No implementations to report

No resource sharing information to report.
 
****************************************
Design : processing_element_5
****************************************

No implementations to report

No resource sharing information to report.
 
****************************************
Design : accumulator_5
****************************************

No implementations to report

No resource sharing information to report.
 
****************************************
Design : shifter_5
****************************************

No implementations to report
 
****************************************
Design : multiplier_5
****************************************
Resource Sharing Report for design multiplier_0 in file
        /home/arkhadem/Downloads/Delta/DeltaNN/HDL/multiplier.sv

===============================================================================
|          |              |            | Contained     |                      |
| Resource | Module       | Parameters | Resources     | Contained Operations |
===============================================================================
| r102     | DW02_mult    | A_width=2  |               | mult_16              |
|          |              | B_width=2  |               |                      |
===============================================================================


No implementations to report

No resource sharing information to report.
 
****************************************
Design : processing_element_6
****************************************

No implementations to report

No resource sharing information to report.
 
****************************************
Design : accumulator_6
****************************************

No implementations to report

No resource sharing information to report.
 
****************************************
Design : shifter_6
****************************************

No implementations to report
 
****************************************
Design : multiplier_6
****************************************
Resource Sharing Report for design multiplier_0 in file
        /home/arkhadem/Downloads/Delta/DeltaNN/HDL/multiplier.sv

===============================================================================
|          |              |            | Contained     |                      |
| Resource | Module       | Parameters | Resources     | Contained Operations |
===============================================================================
| r102     | DW02_mult    | A_width=2  |               | mult_16              |
|          |              | B_width=2  |               |                      |
===============================================================================


No implementations to report

No resource sharing information to report.
 
****************************************
Design : processing_element_7
****************************************

No implementations to report

No resource sharing information to report.
 
****************************************
Design : accumulator_7
****************************************

No implementations to report

No resource sharing information to report.
 
****************************************
Design : shifter_7
****************************************

No implementations to report
 
****************************************
Design : multiplier_7
****************************************
Resource Sharing Report for design multiplier_0 in file
        /home/arkhadem/Downloads/Delta/DeltaNN/HDL/multiplier.sv

===============================================================================
|          |              |            | Contained     |                      |
| Resource | Module       | Parameters | Resources     | Contained Operations |
===============================================================================
| r102     | DW02_mult    | A_width=2  |               | mult_16              |
|          |              | B_width=2  |               |                      |
===============================================================================


No implementations to report

No resource sharing information to report.
 
****************************************
Design : processing_element_8
****************************************

No implementations to report

No resource sharing information to report.
 
****************************************
Design : accumulator_8
****************************************

No implementations to report

No resource sharing information to report.
 
****************************************
Design : shifter_8
****************************************

No implementations to report
 
****************************************
Design : multiplier_8
****************************************
Resource Sharing Report for design multiplier_0 in file
        /home/arkhadem/Downloads/Delta/DeltaNN/HDL/multiplier.sv

===============================================================================
|          |              |            | Contained     |                      |
| Resource | Module       | Parameters | Resources     | Contained Operations |
===============================================================================
| r102     | DW02_mult    | A_width=2  |               | mult_16              |
|          |              | B_width=2  |               |                      |
===============================================================================


No implementations to report

No resource sharing information to report.
 
****************************************
Design : processing_element_9
****************************************

No implementations to report

No resource sharing information to report.
 
****************************************
Design : accumulator_9
****************************************

No implementations to report

No resource sharing information to report.
 
****************************************
Design : shifter_9
****************************************

No implementations to report
 
****************************************
Design : multiplier_9
****************************************
Resource Sharing Report for design multiplier_0 in file
        /home/arkhadem/Downloads/Delta/DeltaNN/HDL/multiplier.sv

===============================================================================
|          |              |            | Contained     |                      |
| Resource | Module       | Parameters | Resources     | Contained Operations |
===============================================================================
| r102     | DW02_mult    | A_width=2  |               | mult_16              |
|          |              | B_width=2  |               |                      |
===============================================================================


No implementations to report

No resource sharing information to report.
 
****************************************
Design : processing_element_10
****************************************

No implementations to report

No resource sharing information to report.
 
****************************************
Design : accumulator_10
****************************************

No implementations to report

No resource sharing information to report.
 
****************************************
Design : shifter_10
****************************************

No implementations to report
 
****************************************
Design : multiplier_10
****************************************
Resource Sharing Report for design multiplier_0 in file
        /home/arkhadem/Downloads/Delta/DeltaNN/HDL/multiplier.sv

===============================================================================
|          |              |            | Contained     |                      |
| Resource | Module       | Parameters | Resources     | Contained Operations |
===============================================================================
| r102     | DW02_mult    | A_width=2  |               | mult_16              |
|          |              | B_width=2  |               |                      |
===============================================================================


No implementations to report

No resource sharing information to report.
 
****************************************
Design : processing_element_11
****************************************

No implementations to report

No resource sharing information to report.
 
****************************************
Design : accumulator_11
****************************************

No implementations to report

No resource sharing information to report.
 
****************************************
Design : shifter_11
****************************************

No implementations to report
 
****************************************
Design : multiplier_11
****************************************
Resource Sharing Report for design multiplier_0 in file
        /home/arkhadem/Downloads/Delta/DeltaNN/HDL/multiplier.sv

===============================================================================
|          |              |            | Contained     |                      |
| Resource | Module       | Parameters | Resources     | Contained Operations |
===============================================================================
| r102     | DW02_mult    | A_width=2  |               | mult_16              |
|          |              | B_width=2  |               |                      |
===============================================================================


No implementations to report

No resource sharing information to report.
 
****************************************
Design : processing_element_12
****************************************

No implementations to report

No resource sharing information to report.
 
****************************************
Design : accumulator_12
****************************************

No implementations to report

No resource sharing information to report.
 
****************************************
Design : shifter_12
****************************************

No implementations to report
 
****************************************
Design : multiplier_12
****************************************
Resource Sharing Report for design multiplier_0 in file
        /home/arkhadem/Downloads/Delta/DeltaNN/HDL/multiplier.sv

===============================================================================
|          |              |            | Contained     |                      |
| Resource | Module       | Parameters | Resources     | Contained Operations |
===============================================================================
| r102     | DW02_mult    | A_width=2  |               | mult_16              |
|          |              | B_width=2  |               |                      |
===============================================================================


No implementations to report

No resource sharing information to report.
 
****************************************
Design : processing_element_13
****************************************

No implementations to report

No resource sharing information to report.
 
****************************************
Design : accumulator_13
****************************************

No implementations to report

No resource sharing information to report.
 
****************************************
Design : shifter_13
****************************************

No implementations to report
 
****************************************
Design : multiplier_13
****************************************
Resource Sharing Report for design multiplier_0 in file
        /home/arkhadem/Downloads/Delta/DeltaNN/HDL/multiplier.sv

===============================================================================
|          |              |            | Contained     |                      |
| Resource | Module       | Parameters | Resources     | Contained Operations |
===============================================================================
| r102     | DW02_mult    | A_width=2  |               | mult_16              |
|          |              | B_width=2  |               |                      |
===============================================================================


No implementations to report

No resource sharing information to report.
 
****************************************
Design : processing_element_14
****************************************

No implementations to report

No resource sharing information to report.
 
****************************************
Design : accumulator_14
****************************************

No implementations to report

No resource sharing information to report.
 
****************************************
Design : shifter_14
****************************************

No implementations to report
 
****************************************
Design : multiplier_14
****************************************
Resource Sharing Report for design multiplier_0 in file
        /home/arkhadem/Downloads/Delta/DeltaNN/HDL/multiplier.sv

===============================================================================
|          |              |            | Contained     |                      |
| Resource | Module       | Parameters | Resources     | Contained Operations |
===============================================================================
| r102     | DW02_mult    | A_width=2  |               | mult_16              |
|          |              | B_width=2  |               |                      |
===============================================================================


No implementations to report

No resource sharing information to report.
 
****************************************
Design : processing_element_15
****************************************

No implementations to report

No resource sharing information to report.
 
****************************************
Design : accumulator_15
****************************************

No implementations to report

No resource sharing information to report.
 
****************************************
Design : shifter_15
****************************************

No implementations to report
 
****************************************
Design : multiplier_15
****************************************
Resource Sharing Report for design multiplier_0 in file
        /home/arkhadem/Downloads/Delta/DeltaNN/HDL/multiplier.sv

===============================================================================
|          |              |            | Contained     |                      |
| Resource | Module       | Parameters | Resources     | Contained Operations |
===============================================================================
| r102     | DW02_mult    | A_width=2  |               | mult_16              |
|          |              | B_width=2  |               |                      |
===============================================================================


No implementations to report

No resource sharing information to report.
 
****************************************
Design : processing_element_16
****************************************

No implementations to report

No resource sharing information to report.
 
****************************************
Design : accumulator_16
****************************************

No implementations to report

No resource sharing information to report.
 
****************************************
Design : shifter_16
****************************************

No implementations to report
 
****************************************
Design : multiplier_16
****************************************
Resource Sharing Report for design multiplier_0 in file
        /home/arkhadem/Downloads/Delta/DeltaNN/HDL/multiplier.sv

===============================================================================
|          |              |            | Contained     |                      |
| Resource | Module       | Parameters | Resources     | Contained Operations |
===============================================================================
| r102     | DW02_mult    | A_width=2  |               | mult_16              |
|          |              | B_width=2  |               |                      |
===============================================================================


No implementations to report

No resource sharing information to report.
 
****************************************
Design : processing_element_17
****************************************

No implementations to report

No resource sharing information to report.
 
****************************************
Design : accumulator_17
****************************************

No implementations to report

No resource sharing information to report.
 
****************************************
Design : shifter_17
****************************************

No implementations to report
 
****************************************
Design : multiplier_17
****************************************
Resource Sharing Report for design multiplier_0 in file
        /home/arkhadem/Downloads/Delta/DeltaNN/HDL/multiplier.sv

===============================================================================
|          |              |            | Contained     |                      |
| Resource | Module       | Parameters | Resources     | Contained Operations |
===============================================================================
| r102     | DW02_mult    | A_width=2  |               | mult_16              |
|          |              | B_width=2  |               |                      |
===============================================================================


No implementations to report

No resource sharing information to report.
 
****************************************
Design : processing_element_18
****************************************

No implementations to report

No resource sharing information to report.
 
****************************************
Design : accumulator_18
****************************************

No implementations to report

No resource sharing information to report.
 
****************************************
Design : shifter_18
****************************************

No implementations to report
 
****************************************
Design : multiplier_18
****************************************
Resource Sharing Report for design multiplier_0 in file
        /home/arkhadem/Downloads/Delta/DeltaNN/HDL/multiplier.sv

===============================================================================
|          |              |            | Contained     |                      |
| Resource | Module       | Parameters | Resources     | Contained Operations |
===============================================================================
| r102     | DW02_mult    | A_width=2  |               | mult_16              |
|          |              | B_width=2  |               |                      |
===============================================================================


No implementations to report

No resource sharing information to report.
 
****************************************
Design : processing_element_19
****************************************

No implementations to report

No resource sharing information to report.
 
****************************************
Design : accumulator_19
****************************************

No implementations to report

No resource sharing information to report.
 
****************************************
Design : shifter_19
****************************************

No implementations to report
 
****************************************
Design : multiplier_19
****************************************
Resource Sharing Report for design multiplier_0 in file
        /home/arkhadem/Downloads/Delta/DeltaNN/HDL/multiplier.sv

===============================================================================
|          |              |            | Contained     |                      |
| Resource | Module       | Parameters | Resources     | Contained Operations |
===============================================================================
| r102     | DW02_mult    | A_width=2  |               | mult_16              |
|          |              | B_width=2  |               |                      |
===============================================================================


No implementations to report

No resource sharing information to report.
 
****************************************
Design : processing_element_20
****************************************

No implementations to report

No resource sharing information to report.
 
****************************************
Design : accumulator_20
****************************************

No implementations to report

No resource sharing information to report.
 
****************************************
Design : shifter_20
****************************************

No implementations to report
 
****************************************
Design : multiplier_20
****************************************
Resource Sharing Report for design multiplier_0 in file
        /home/arkhadem/Downloads/Delta/DeltaNN/HDL/multiplier.sv

===============================================================================
|          |              |            | Contained     |                      |
| Resource | Module       | Parameters | Resources     | Contained Operations |
===============================================================================
| r102     | DW02_mult    | A_width=2  |               | mult_16              |
|          |              | B_width=2  |               |                      |
===============================================================================


No implementations to report

No resource sharing information to report.
 
****************************************
Design : processing_element_21
****************************************

No implementations to report

No resource sharing information to report.
 
****************************************
Design : accumulator_21
****************************************

No implementations to report

No resource sharing information to report.
 
****************************************
Design : shifter_21
****************************************

No implementations to report
 
****************************************
Design : multiplier_21
****************************************
Resource Sharing Report for design multiplier_0 in file
        /home/arkhadem/Downloads/Delta/DeltaNN/HDL/multiplier.sv

===============================================================================
|          |              |            | Contained     |                      |
| Resource | Module       | Parameters | Resources     | Contained Operations |
===============================================================================
| r102     | DW02_mult    | A_width=2  |               | mult_16              |
|          |              | B_width=2  |               |                      |
===============================================================================


No implementations to report

No resource sharing information to report.
 
****************************************
Design : processing_element_22
****************************************

No implementations to report

No resource sharing information to report.
 
****************************************
Design : accumulator_22
****************************************

No implementations to report

No resource sharing information to report.
 
****************************************
Design : shifter_22
****************************************

No implementations to report
 
****************************************
Design : multiplier_22
****************************************
Resource Sharing Report for design multiplier_0 in file
        /home/arkhadem/Downloads/Delta/DeltaNN/HDL/multiplier.sv

===============================================================================
|          |              |            | Contained     |                      |
| Resource | Module       | Parameters | Resources     | Contained Operations |
===============================================================================
| r102     | DW02_mult    | A_width=2  |               | mult_16              |
|          |              | B_width=2  |               |                      |
===============================================================================


No implementations to report

No resource sharing information to report.
 
****************************************
Design : processing_element_23
****************************************

No implementations to report

No resource sharing information to report.
 
****************************************
Design : accumulator_23
****************************************

No implementations to report

No resource sharing information to report.
 
****************************************
Design : shifter_23
****************************************

No implementations to report
 
****************************************
Design : multiplier_23
****************************************
Resource Sharing Report for design multiplier_0 in file
        /home/arkhadem/Downloads/Delta/DeltaNN/HDL/multiplier.sv

===============================================================================
|          |              |            | Contained     |                      |
| Resource | Module       | Parameters | Resources     | Contained Operations |
===============================================================================
| r102     | DW02_mult    | A_width=2  |               | mult_16              |
|          |              | B_width=2  |               |                      |
===============================================================================


No implementations to report

No resource sharing information to report.
 
****************************************
Design : processing_element_24
****************************************

No implementations to report

No resource sharing information to report.
 
****************************************
Design : accumulator_24
****************************************

No implementations to report

No resource sharing information to report.
 
****************************************
Design : shifter_24
****************************************

No implementations to report
 
****************************************
Design : multiplier_24
****************************************
Resource Sharing Report for design multiplier_0 in file
        /home/arkhadem/Downloads/Delta/DeltaNN/HDL/multiplier.sv

===============================================================================
|          |              |            | Contained     |                      |
| Resource | Module       | Parameters | Resources     | Contained Operations |
===============================================================================
| r102     | DW02_mult    | A_width=2  |               | mult_16              |
|          |              | B_width=2  |               |                      |
===============================================================================


No implementations to report

No resource sharing information to report.
 
****************************************
Design : processing_element_25
****************************************

No implementations to report

No resource sharing information to report.
 
****************************************
Design : accumulator_25
****************************************

No implementations to report

No resource sharing information to report.
 
****************************************
Design : shifter_25
****************************************

No implementations to report
 
****************************************
Design : multiplier_25
****************************************
Resource Sharing Report for design multiplier_0 in file
        /home/arkhadem/Downloads/Delta/DeltaNN/HDL/multiplier.sv

===============================================================================
|          |              |            | Contained     |                      |
| Resource | Module       | Parameters | Resources     | Contained Operations |
===============================================================================
| r102     | DW02_mult    | A_width=2  |               | mult_16              |
|          |              | B_width=2  |               |                      |
===============================================================================


No implementations to report

No resource sharing information to report.
 
****************************************
Design : processing_element_26
****************************************

No implementations to report

No resource sharing information to report.
 
****************************************
Design : accumulator_26
****************************************

No implementations to report

No resource sharing information to report.
 
****************************************
Design : shifter_26
****************************************

No implementations to report
 
****************************************
Design : multiplier_26
****************************************
Resource Sharing Report for design multiplier_0 in file
        /home/arkhadem/Downloads/Delta/DeltaNN/HDL/multiplier.sv

===============================================================================
|          |              |            | Contained     |                      |
| Resource | Module       | Parameters | Resources     | Contained Operations |
===============================================================================
| r102     | DW02_mult    | A_width=2  |               | mult_16              |
|          |              | B_width=2  |               |                      |
===============================================================================


No implementations to report

No resource sharing information to report.
 
****************************************
Design : processing_element_27
****************************************

No implementations to report

No resource sharing information to report.
 
****************************************
Design : accumulator_27
****************************************

No implementations to report

No resource sharing information to report.
 
****************************************
Design : shifter_27
****************************************

No implementations to report
 
****************************************
Design : multiplier_27
****************************************
Resource Sharing Report for design multiplier_0 in file
        /home/arkhadem/Downloads/Delta/DeltaNN/HDL/multiplier.sv

===============================================================================
|          |              |            | Contained     |                      |
| Resource | Module       | Parameters | Resources     | Contained Operations |
===============================================================================
| r102     | DW02_mult    | A_width=2  |               | mult_16              |
|          |              | B_width=2  |               |                      |
===============================================================================


No implementations to report

No resource sharing information to report.
 
****************************************
Design : processing_element_28
****************************************

No implementations to report

No resource sharing information to report.
 
****************************************
Design : accumulator_28
****************************************

No implementations to report

No resource sharing information to report.
 
****************************************
Design : shifter_28
****************************************

No implementations to report
 
****************************************
Design : multiplier_28
****************************************
Resource Sharing Report for design multiplier_0 in file
        /home/arkhadem/Downloads/Delta/DeltaNN/HDL/multiplier.sv

===============================================================================
|          |              |            | Contained     |                      |
| Resource | Module       | Parameters | Resources     | Contained Operations |
===============================================================================
| r102     | DW02_mult    | A_width=2  |               | mult_16              |
|          |              | B_width=2  |               |                      |
===============================================================================


No implementations to report

No resource sharing information to report.
 
****************************************
Design : processing_element_29
****************************************

No implementations to report

No resource sharing information to report.
 
****************************************
Design : accumulator_29
****************************************

No implementations to report

No resource sharing information to report.
 
****************************************
Design : shifter_29
****************************************

No implementations to report
 
****************************************
Design : multiplier_29
****************************************
Resource Sharing Report for design multiplier_0 in file
        /home/arkhadem/Downloads/Delta/DeltaNN/HDL/multiplier.sv

===============================================================================
|          |              |            | Contained     |                      |
| Resource | Module       | Parameters | Resources     | Contained Operations |
===============================================================================
| r102     | DW02_mult    | A_width=2  |               | mult_16              |
|          |              | B_width=2  |               |                      |
===============================================================================


No implementations to report

No resource sharing information to report.
 
****************************************
Design : processing_element_30
****************************************

No implementations to report

No resource sharing information to report.
 
****************************************
Design : accumulator_30
****************************************

No implementations to report

No resource sharing information to report.
 
****************************************
Design : shifter_30
****************************************

No implementations to report
 
****************************************
Design : multiplier_30
****************************************
Resource Sharing Report for design multiplier_0 in file
        /home/arkhadem/Downloads/Delta/DeltaNN/HDL/multiplier.sv

===============================================================================
|          |              |            | Contained     |                      |
| Resource | Module       | Parameters | Resources     | Contained Operations |
===============================================================================
| r102     | DW02_mult    | A_width=2  |               | mult_16              |
|          |              | B_width=2  |               |                      |
===============================================================================


No implementations to report

No resource sharing information to report.
 
****************************************
Design : processing_element_31
****************************************

No implementations to report
 
****************************************
Design : accumulator_31
****************************************
Resource Sharing Report for design accumulator_0 in file
        /home/arkhadem/Downloads/Delta/DeltaNN/HDL/accumulator.sv

===============================================================================
|          |              |            | Contained     |                      |
| Resource | Module       | Parameters | Resources     | Contained Operations |
===============================================================================
| r56      | DW01_add     | width=4    |               | add_22               |
===============================================================================


No implementations to report
 
****************************************
Design : shifter_31
****************************************
Resource Sharing Report for design shifter_0 in file
        /home/arkhadem/Downloads/Delta/DeltaNN/HDL/shifter.sv

===============================================================================
|          |              |            | Contained     |                      |
| Resource | Module       | Parameters | Resources     | Contained Operations |
===============================================================================
| r53      | DW01_ash     | A_width=4  |               | sll_16               |
|          |              | SH_width=2 |               |                      |
===============================================================================


No implementations to report
 
****************************************
Design : multiplier_31
****************************************
Resource Sharing Report for design multiplier_0 in file
        /home/arkhadem/Downloads/Delta/DeltaNN/HDL/multiplier.sv

===============================================================================
|          |              |            | Contained     |                      |
| Resource | Module       | Parameters | Resources     | Contained Operations |
===============================================================================
| r155     | DW02_mult    | A_width=2  |               | mult_16              |
|          |              | B_width=2  |               |                      |
===============================================================================


No implementations to report
1
